Archive member included to satisfy reference by file (symbol)

d:/nxp/s32ds.3.6.6/s32ds/build_tools/gcc_v10.2/gcc-10.2-arm32-eabi/bin/../lib/gcc/arm-none-eabi/10.2.0/../../../../arm-none-eabi/lib/thumb/v7e-m+fp/hard\libc_nano.a(lib_a-memset.o)
                              ./Project_Settings/Startup_Code/startup.o (memset)

Discarded input sections

 .group         0x00000000        0xc ./Project_Settings/Startup_Code/exceptions.o
 .group         0x00000000        0xc ./Project_Settings/Startup_Code/exceptions.o
 .group         0x00000000        0xc ./Project_Settings/Startup_Code/exceptions.o
 .group         0x00000000        0xc ./Project_Settings/Startup_Code/exceptions.o
 .group         0x00000000        0xc ./Project_Settings/Startup_Code/exceptions.o
 .group         0x00000000        0xc ./Project_Settings/Startup_Code/exceptions.o
 .group         0x00000000        0xc ./Project_Settings/Startup_Code/exceptions.o
 .group         0x00000000        0xc ./Project_Settings/Startup_Code/exceptions.o
 .group         0x00000000        0xc ./Project_Settings/Startup_Code/exceptions.o
 .group         0x00000000        0xc ./Project_Settings/Startup_Code/exceptions.o
 .group         0x00000000        0xc ./Project_Settings/Startup_Code/exceptions.o
 .group         0x00000000        0xc ./Project_Settings/Startup_Code/exceptions.o
 .group         0x00000000        0xc ./Project_Settings/Startup_Code/exceptions.o
 .group         0x00000000        0xc ./Project_Settings/Startup_Code/exceptions.o
 .group         0x00000000        0xc ./Project_Settings/Startup_Code/exceptions.o
 .group         0x00000000        0xc ./Project_Settings/Startup_Code/exceptions.o
 .group         0x00000000        0xc ./Project_Settings/Startup_Code/exceptions.o
 .group         0x00000000        0xc ./Project_Settings/Startup_Code/exceptions.o
 .group         0x00000000        0xc ./Project_Settings/Startup_Code/exceptions.o
 .group         0x00000000        0xc ./Project_Settings/Startup_Code/exceptions.o
 .group         0x00000000        0xc ./Project_Settings/Startup_Code/exceptions.o
 .group         0x00000000        0xc ./Project_Settings/Startup_Code/exceptions.o
 .group         0x00000000        0xc ./Project_Settings/Startup_Code/exceptions.o
 .group         0x00000000        0xc ./Project_Settings/Startup_Code/exceptions.o
 .group         0x00000000        0xc ./Project_Settings/Startup_Code/nvic.o
 .group         0x00000000        0xc ./Project_Settings/Startup_Code/nvic.o
 .group         0x00000000        0xc ./Project_Settings/Startup_Code/nvic.o
 .group         0x00000000        0xc ./Project_Settings/Startup_Code/nvic.o
 .group         0x00000000        0xc ./Project_Settings/Startup_Code/nvic.o
 .group         0x00000000        0xc ./Project_Settings/Startup_Code/nvic.o
 .group         0x00000000        0xc ./Project_Settings/Startup_Code/nvic.o
 .group         0x00000000        0xc ./Project_Settings/Startup_Code/nvic.o
 .group         0x00000000        0xc ./Project_Settings/Startup_Code/nvic.o
 .group         0x00000000        0xc ./Project_Settings/Startup_Code/nvic.o
 .group         0x00000000        0xc ./Project_Settings/Startup_Code/nvic.o
 .group         0x00000000        0xc ./Project_Settings/Startup_Code/nvic.o
 .group         0x00000000        0xc ./Project_Settings/Startup_Code/nvic.o
 .group         0x00000000        0xc ./Project_Settings/Startup_Code/nvic.o
 .group         0x00000000        0xc ./Project_Settings/Startup_Code/nvic.o
 .group         0x00000000        0xc ./Project_Settings/Startup_Code/nvic.o
 .group         0x00000000        0xc ./Project_Settings/Startup_Code/nvic.o
 .group         0x00000000        0xc ./Project_Settings/Startup_Code/nvic.o
 .group         0x00000000        0xc ./Project_Settings/Startup_Code/nvic.o
 .group         0x00000000        0xc ./Project_Settings/Startup_Code/nvic.o
 .group         0x00000000        0xc ./Project_Settings/Startup_Code/nvic.o
 .group         0x00000000        0xc ./Project_Settings/Startup_Code/nvic.o
 .group         0x00000000        0xc ./Project_Settings/Startup_Code/nvic.o
 .group         0x00000000        0xc ./Project_Settings/Startup_Code/nvic.o
 .group         0x00000000        0xc ./Project_Settings/Startup_Code/nvic.o
 .group         0x00000000        0xc ./Project_Settings/Startup_Code/nvic.o
 .group         0x00000000        0xc ./Project_Settings/Startup_Code/nvic.o
 .group         0x00000000        0xc ./Project_Settings/Startup_Code/nvic.o
 .group         0x00000000        0xc ./Project_Settings/Startup_Code/nvic.o
 .group         0x00000000        0xc ./Project_Settings/Startup_Code/nvic.o
 .group         0x00000000        0xc ./Project_Settings/Startup_Code/nvic.o
 .group         0x00000000        0xc ./Project_Settings/Startup_Code/nvic.o
 .group         0x00000000        0xc ./Project_Settings/Startup_Code/nvic.o
 .group         0x00000000        0xc ./Project_Settings/Startup_Code/nvic.o
[...]
Memory Configuration

Name             Origin             Length             Attributes
int_flash_interrupts 0x00000000         0x00000400
int_flash_config 0x00000400         0x00000010
int_flash        0x00000410         0x000ffbf0
int_sram_results 0x1fff0000         0x00000100
int_sram         0x1fff0100         0x0001df00
int_sram_stack_c0 0x2000e000         0x00001000
ram_rsvd2        0x2000f000         0x00000000
*default*        0x00000000         0xffffffff

Linker script and memory map

LOAD ./Project_Settings/Startup_Code/Vector_Table.o
LOAD ./Project_Settings/Startup_Code/exceptions.o
LOAD ./Project_Settings/Startup_Code/nvic.o
LOAD ./Project_Settings/Startup_Code/startup.o
LOAD ./Project_Settings/Startup_Code/startup_cm4.o
LOAD ./Project_Settings/Startup_Code/system.o
LOAD ./RTD/src/Clock_Ip.o
LOAD ./RTD/src/Clock_Ip_Data.o
LOAD ./RTD/src/Clock_Ip_Divider.o
LOAD ./RTD/src/Clock_Ip_DividerTrigger.o
LOAD ./RTD/src/Clock_Ip_ExtOsc.o
LOAD ./RTD/src/Clock_Ip_FracDiv.o
LOAD ./RTD/src/Clock_Ip_Frequency.o
LOAD ./RTD/src/Clock_Ip_Gate.o
LOAD ./RTD/src/Clock_Ip_IntOsc.o
LOAD ./RTD/src/Clock_Ip_Irq.o
LOAD ./RTD/src/Clock_Ip_Monitor.o
LOAD ./RTD/src/Clock_Ip_Pll.o
LOAD ./RTD/src/Clock_Ip_ProgFreqSwitch.o
LOAD ./RTD/src/Clock_Ip_Selector.o
LOAD ./RTD/src/Clock_Ip_Specific.o
LOAD ./RTD/src/Det.o
LOAD ./RTD/src/Det_stub.o
LOAD ./RTD/src/OsIf_Interrupts.o
LOAD ./RTD/src/OsIf_Software_Semaphore.o
LOAD ./RTD/src/OsIf_Timer.o
LOAD ./RTD/src/OsIf_Timer_System.o
LOAD ./RTD/src/OsIf_Timer_System_Internal_Systick.o
LOAD ./RTD/src/Port_Ci_Port_Ip.o
LOAD ./RTD/src/SchM_Mcu.o
LOAD ./RTD/src/SchM_Port.o
LOAD ./board/Port_Ci_Port_Ip_Cfg.o
LOAD ./generate/src/Clock_Ip_Cfg.o
LOAD ./generate/src/OsIf_Cfg.o
LOAD ./src/main.o
LOAD d:/nxp/s32ds.3.6.6/s32ds/build_tools/gcc_v10.2/gcc-10.2-arm32-eabi/bin/../lib/gcc/arm-none-eabi/10.2.0/../../../../arm-none-eabi/lib/thumb/v7e-m+fp/hard\libc_nano.a
LOAD d:/nxp/s32ds.3.6.6/s32ds/build_tools/gcc_v10.2/gcc-10.2-arm32-eabi/bin/../lib/gcc/arm-none-eabi/10.2.0/../../../../arm-none-eabi/lib/thumb/v7e-m+fp/hard\libm.a
LOAD d:/nxp/s32ds.3.6.6/s32ds/build_tools/gcc_v10.2/gcc-10.2-arm32-eabi/bin/../lib/gcc/arm-none-eabi/10.2.0/thumb/v7e-m+fp/hard\libgcc.a
START GROUP
LOAD d:/nxp/s32ds.3.6.6/s32ds/build_tools/gcc_v10.2/gcc-10.2-arm32-eabi/bin/../lib/gcc/arm-none-eabi/10.2.0/thumb/v7e-m+fp/hard\libgcc.a
LOAD d:/nxp/s32ds.3.6.6/s32ds/build_tools/gcc_v10.2/gcc-10.2-arm32-eabi/bin/../lib/gcc/arm-none-eabi/10.2.0/../../../../arm-none-eabi/lib/thumb/v7e-m+fp/hard\libg_nano.a
LOAD d:/nxp/s32ds.3.6.6/s32ds/build_tools/gcc_v10.2/gcc-10.2-arm32-eabi/bin/../lib/gcc/arm-none-eabi/10.2.0/../../../../arm-none-eabi/lib/thumb/v7e-m+fp/hard\libc_nano.a
END GROUP
START GROUP
LOAD d:/nxp/s32ds.3.6.6/s32ds/build_tools/gcc_v10.2/gcc-10.2-arm32-eabi/bin/../lib/gcc/arm-none-eabi/10.2.0/thumb/v7e-m+fp/hard\libgcc.a
LOAD d:/nxp/s32ds.3.6.6/s32ds/build_tools/gcc_v10.2/gcc-10.2-arm32-eabi/bin/../lib/gcc/arm-none-eabi/10.2.0/../../../../arm-none-eabi/lib/thumb/v7e-m+fp/hard\libc_nano.a
LOAD d:/nxp/s32ds.3.6.6/s32ds/build_tools/gcc_v10.2/gcc-10.2-arm32-eabi/bin/../lib/gcc/arm-none-eabi/10.2.0/../../../../arm-none-eabi/lib/thumb/v7e-m+fp/hard\libnosys.a
END GROUP
START GROUP
LOAD d:/nxp/s32ds.3.6.6/s32ds/build_tools/gcc_v10.2/gcc-10.2-arm32-eabi/bin/../lib/gcc/arm-none-eabi/10.2.0/thumb/v7e-m+fp/hard\libgcc.a
LOAD d:/nxp/s32ds.3.6.6/s32ds/build_tools/gcc_v10.2/gcc-10.2-arm32-eabi/bin/../lib/gcc/arm-none-eabi/10.2.0/../../../../arm-none-eabi/lib/thumb/v7e-m+fp/hard\libc_nano.a
LOAD d:/nxp/s32ds.3.6.6/s32ds/build_tools/gcc_v10.2/gcc-10.2-arm32-eabi/bin/../lib/gcc/arm-none-eabi/10.2.0/../../../../arm-none-eabi/lib/thumb/v7e-m+fp/hard\libnosys.a
END GROUP
                0x00000200                HEAP_SIZE = DEFINED (__heap_size__)?__heap_size__:0x200

.flash_interrupts
                0x00000000      0x310
                0x00000000                . = ALIGN (0x800)
                0x00000000                __interrupts_rom_start = .
 *(.intc_vector)
 .intc_vector   0x00000000      0x310 ./Project_Settings/Startup_Code/Vector_Table.o
                0x00000000                VTABLE
                0x00000310                . = ALIGN (0x4)
                0x00000310                __interrupts_rom_end = .

.flash_config   0x00000400       0x10
 *(.flash_config)
 .flash_config  0x00000400       0x10 ./Project_Settings/Startup_Code/startup_cm4.o

.flash          0x00000410     0x4680
                0x00000410                . = ALIGN (0x4)
 *(.startup)
 .startup       0x00000410       0xb8 ./Project_Settings/Startup_Code/startup_cm4.o
                0x00000410                Reset_Handler
                0x00000410                _start
                0x00000494                MCAL_LTB_TRACE_OFF
                0x00000496                _end_of_eunit_test
                0x000004c8                . = ALIGN (0x4)
 *(.systeminit)
 .systeminit    0x000004c8        0x2 ./Project_Settings/Startup_Code/exceptions.o
                0x000004c8                NMI_Handler
 *fill*         0x000004ca        0x2 
 .systeminit    0x000004cc       0x88 ./Project_Settings/Startup_Code/system.o
                0x000004cc                SystemInit
                0x00000554                . = ALIGN (0x4)
 *(.text.startup)
 .text.startup  0x00000554       0x60 ./src/main.o
                0x00000554                main
                0x000005b4                . = ALIGN (0x4)
 *(.text)
 .text          0x000005b4        0x0 ./Project_Settings/Startup_Code/Vector_Table.o
 .text          0x000005b4       0x12 ./Project_Settings/Startup_Code/exceptions.o
                0x000005b4                HardFault_Handler
                0x000005b6                MemManage_Handler
                0x000005b8                BusFault_Handler
                0x000005ba                UsageFault_Handler
                0x000005bc                SVC_Handler
                0x000005be                DebugMon_Handler
                0x000005c0                PendSV_Handler
                0x000005c2                SysTick_Handler
                0x000005c4                undefined_handler
 *fill*         0x000005c6        0x2 
 .text          0x000005c8       0x5c ./Project_Settings/Startup_Code/nvic.o
                0x000005c8                NVIC_SetPriorityGrouping
                0x000005dc                NVIC_EnableIRQ
                0x000005f4                NVIC_DisableIRQ
                0x00000610                NVIC_SetPriority
 .text          0x00000624       0x50 ./Project_Settings/Startup_Code/startup.o
                0x00000624                init_data_bss
 .text          0x00000674        0x0 ./Project_Settings/Startup_Code/startup_cm4.o
 .text          0x00000674        0x8 ./Project_Settings/Startup_Code/system.o
                0x00000674                startup_go_to_user_mode
                0x00000676                default_interrupt_routine
                0x00000678                Sys_GetCoreID
 .text          0x0000067c        0x0 ./RTD/src/Clock_Ip.o
 .text          0x0000067c        0x0 ./RTD/src/Clock_Ip_Data.o
 .text          0x0000067c        0x0 ./RTD/src/Clock_Ip_Divider.o
 .text          0x0000067c        0x0 ./RTD/src/Clock_Ip_DividerTrigger.o
 .text          0x0000067c        0x0 ./RTD/src/Clock_Ip_ExtOsc.o
 .text          0x0000067c        0x0 ./RTD/src/Clock_Ip_FracDiv.o
 .text          0x0000067c        0x0 ./RTD/src/Clock_Ip_Frequency.o
 .text          0x0000067c        0x0 ./RTD/src/Clock_Ip_Gate.o
 .text          0x0000067c        0x0 ./RTD/src/Clock_Ip_IntOsc.o
 .text          0x0000067c        0x0 ./RTD/src/Clock_Ip_Irq.o
 .text          0x0000067c        0x0 ./RTD/src/Clock_Ip_Monitor.o
 .text          0x0000067c        0x0 ./RTD/src/Clock_Ip_Pll.o
 .text          0x0000067c        0x0 ./RTD/src/Clock_Ip_ProgFreqSwitch.o
 .text          0x0000067c        0x0 ./RTD/src/Clock_Ip_Selector.o
 .text          0x0000067c        0x0 ./RTD/src/Clock_Ip_Specific.o
 .text          0x0000067c        0x0 ./RTD/src/Det.o
 .text          0x0000067c        0x0 ./RTD/src/Det_stub.o
 .text          0x0000067c        0x0 ./RTD/src/OsIf_Interrupts.o
 .text          0x0000067c        0x0 ./RTD/src/OsIf_Software_Semaphore.o
 .text          0x0000067c        0x0 ./RTD/src/OsIf_Timer.o
 .text          0x0000067c        0x0 ./RTD/src/OsIf_Timer_System.o
 .text          0x0000067c        0x0 ./RTD/src/OsIf_Timer_System_Internal_Systick.o
 .text          0x0000067c       0x14 ./RTD/src/Port_Ci_Port_Ip.o
 .text          0x00000690        0x6 ./RTD/src/SchM_Mcu.o
                0x00000690                Mcu_schm_read_msr
 .text          0x00000696        0x6 ./RTD/src/SchM_Port.o
                0x00000696                Port_schm_read_msr
 .text          0x0000069c        0x0 ./board/Port_Ci_Port_Ip_Cfg.o
 .text          0x0000069c        0x0 ./generate/src/Clock_Ip_Cfg.o
 .text          0x0000069c        0x0 ./generate/src/OsIf_Cfg.o
 .text          0x0000069c       0x2e ./src/main.o
 .text          0x000006ca        0x0 d:/nxp/s32ds.3.6.6/s32ds/build_tools/gcc_v10.2/gcc-10.2-arm32-eabi/bin/../lib/gcc/arm-none-eabi/10.2.0/../../../../arm-none-eabi/lib/thumb/v7e-m+fp/hard\libc_nano.a(lib_a-memset.o)
 *(.text*)
 .text.memset   0x000006ca       0x10 d:/nxp/s32ds.3.6.6/s32ds/build_tools/gcc_v10.2/gcc-10.2-arm32-eabi/bin/../lib/gcc/arm-none-eabi/10.2.0/../../../../arm-none-eabi/lib/thumb/v7e-m+fp/hard\libc_nano.a(lib_a-memset.o)
                0x000006ca                memset
                0x000006dc                . = ALIGN (0x4)
 *fill*         0x000006da        0x2 
 *(.mcal_text)
 .mcal_text     0x000006dc      0x888 ./RTD/src/Clock_Ip.o
                0x000006de                Clock_Ip_InitClock
                0x00000cb4                Clock_Ip_GetPllStatus
                0x00000d58                Clock_Ip_DistributePll
                0x00000e4c                Clock_Ip_Init
                0x00000e70                Clock_Ip_DisableClockMonitor
                0x00000e94                Clock_Ip_InstallNotificationsCallback
                0x00000ea0                Clock_Ip_DisableModuleClock
                0x00000ec8                Clock_Ip_EnableModuleClock
                0x00000ef0                Clock_Ip_PowerNotifications
                0x00000f1c                Clock_Ip_ReportClockErrors
                0x00000f28                Clock_Ip_StartTimeout
                0x00000f48                Clock_Ip_TimeoutExpired
 .mcal_text     0x00000f64      0x230 ./RTD/src/Clock_Ip_Divider.o
                0x00000f66                Clock_Ip_SetScgAsyncDiv1_TrustedCall
                0x00000f9c                Clock_Ip_SetScgAsyncDiv2_TrustedCall
                0x00000fd4                Clock_Ip_SetScgRunDivcore_TrustedCall
                0x00000ff4                Clock_Ip_SetScgRunDivbus_TrustedCall
                0x00001014                Clock_Ip_SetScgRunDivslow_TrustedCall
                0x00001034                Clock_Ip_SetScgVlprDivcore_TrustedCall
                0x00001054                Clock_Ip_SetScgVlprDivbus_TrustedCall
                0x00001074                Clock_Ip_SetScgVlprDivslow_TrustedCall
                0x00001094                Clock_Ip_SetScgHsrunDivcore_TrustedCall
                0x000010b4                Clock_Ip_SetScgHsrunDivbus_TrustedCall
                0x000010d4                Clock_Ip_SetScgHsrunDivslow_TrustedCall
                0x000010f4                Clock_Ip_SetSimClkoutDiv_TrustedCall
                0x00001118                Clock_Ip_SetPccPcdDivFrac_TrustedCall
                0x0000115c                Clock_Ip_SetSimTraceDivMul_TrustedCall
 .mcal_text     0x00001194        0x2 ./RTD/src/Clock_Ip_DividerTrigger.o
 *fill*         0x00001196        0x2 
 .mcal_text     0x00001198      0x1a0 ./RTD/src/Clock_Ip_ExtOsc.o
                0x000011e4                Clock_Ip_ResetSOSC_TrustedCall
                0x00001264                Clock_Ip_SetSOSC_TrustedCall
                0x00001314                Clock_Ip_EnableSOSC_TrustedCall
 .mcal_text     0x00001338        0x6 ./RTD/src/Clock_Ip_FracDiv.o
 .mcal_text     0x0000133e        0x2 ./RTD/src/Clock_Ip_Frequency.o
                0x0000133e                Clock_Ip_SetExternalSignalFrequency
 .mcal_text     0x00001340      0x17c ./RTD/src/Clock_Ip_Gate.o
                0x00001344                Clock_Ip_ClockSetPccCgcEnable_TrustedCall
                0x00001390                Clock_Ip_ClockSetSimClkoutEnable_TrustedCall
                0x000013c8                Clock_Ip_ClockSetSimLPO32KEnable_TrustedCall
                0x00001400                Clock_Ip_ClockSetSimLPO1KEnable_TrustedCall
                0x00001434                Clock_Ip_ClockSetSimGate_TrustedCall
                0x00001480                Clock_Ip_ClockSetSimTraceEnable_TrustedCall
 .mcal_text     0x000014bc      0x538 ./RTD/src/Clock_Ip_IntOsc.o
                0x00001558                Clock_Ip_SetSirc_TrustedCall
                0x00001648                Clock_Ip_EnableSirc_TrustedCall
                0x000016a8                Clock_Ip_DisableSirc_TrustedCall
                0x0000170c                Clock_Ip_SetSircVlp_TrustedCall
                0x00001748                Clock_Ip_EnableSircVlp_TrustedCall
                0x0000176c                Clock_Ip_DisableSircVlp_TrustedCall
                0x00001784                Clock_Ip_SetSircStop_TrustedCall
                0x000017c0                Clock_Ip_EnableSircStop_TrustedCall
                0x000017e4                Clock_Ip_DisableSircStop_TrustedCall
                0x000017fc                Clock_Ip_SetFirc_TrustedCall
                0x00001934                Clock_Ip_EnableFirc_TrustedCall
                0x00001990                Clock_Ip_DisableFirc_TrustedCall
 .mcal_text     0x000019f4        0x6 ./RTD/src/Clock_Ip_Monitor.o
 *fill*         0x000019fa        0x2 
 .mcal_text     0x000019fc      0x1d4 ./RTD/src/Clock_Ip_Pll.o
                0x00001a54                Clock_Ip_ResetSpll_TrustedCall
                0x00001af0                Clock_Ip_SetSpll_TrustedCall
                0x00001b48                Clock_Ip_DisableSpll_TrustedCall
                0x00001bac                Clock_Ip_EnableSpll_TrustedCall
 .mcal_text     0x00001bd0        0x2 ./RTD/src/Clock_Ip_ProgFreqSwitch.o
 *fill*         0x00001bd2        0x2 
 .mcal_text     0x00001bd4      0x4ec ./RTD/src/Clock_Ip_Selector.o
                0x00001bd6                Clock_Ip_ResetScgRunSel_TrustedCall
                0x00001c64                Clock_Ip_SetScgRunSel_TrustedCall
                0x00001cf8                Clock_Ip_SetScgVlprSel_TrustedCall
                0x00001d24                Clock_Ip_ResetScgHsrunSel_TrustedCall
                0x00001db0                Clock_Ip_SetScgHsrunSel_TrustedCall
                0x00001e44                Clock_Ip_ResetSimRtcSel_TrustedCall
                0x00001e68                Clock_Ip_SetSimRtcSel_TrustedCall
                0x00001e90                Clock_Ip_ResetSimLpoSel_TrustedCall
                0x00001eb4                Clock_Ip_SetSimLpoSel_TrustedCall
                0x00001edc                Clock_Ip_ResetScgClkoutSel_TrustedCall
                0x00001f00                Clock_Ip_SetScgClkoutSel_TrustedCall
                0x00001f28                Clock_Ip_ResetSimFtmoptSel_TrustedCall
                0x00001f70                Clock_Ip_SetSimFtmoptSel_TrustedCall
                0x00001fb8                Clock_Ip_ResetSimClkoutSel_TrustedCall
                0x00001fd0                Clock_Ip_SetSimClkoutSel_TrustedCall
                0x00001ff8                Clock_Ip_ResetPccPcsSelect_TrustedCall
                0x0000202c                Clock_Ip_SetPccPcsSelect_TrustedCall
                0x0000206c                Clock_Ip_ResetSimTraceSel_TrustedCall
                0x00002094                Clock_Ip_SetSimTraceSel_TrustedCall
 .mcal_text     0x000020c0      0x7a4 ./RTD/src/Clock_Ip_Specific.o
                0x000022a4                SetFircToResetValue_TrustedCall
                0x000022c0                SetSimLpoclksRegister_TrustedCall
                0x00002334                Clock_Ip_ClockPowerNotifications
                0x000024f8                Clock_Ip_Command
 .mcal_text     0x00002864      0x508 ./RTD/src/Det.o
                0x00002864                Det_Start
                0x00002866                Det_InitDataNode
                0x000028ee                Det_LinkNodeToHead
                0x0000291e                Det_DelAllNodesSameId
                0x00002a1c                Det_FreeNodesInLinkedList
                0x00002a52                Det_Init
                0x00002c58                Det_ReportError
                0x00002cb4                Det_ReportRuntimeError
                0x00002d10                Det_ReportTransientFault
 .mcal_text     0x00002d6c      0x1c8 ./RTD/src/Det_stub.o
                0x00002d6c                Det_TestLastReportError
                0x00002db8                Det_TestLastReportRuntimeError
                0x00002e04                Det_TestLastReportTransientFault
                0x00002e50                Det_TestNoError
                0x00002e9c                Det_TestNoRuntimeError
                0x00002ee8                Det_TestNoTransientFault
 .mcal_text     0x00002f34       0x1e ./RTD/src/OsIf_Timer.o
                0x00002f34                OsIf_Init
                0x00002f3c                OsIf_GetCounter
                0x00002f40                OsIf_GetElapsed
                0x00002f48                OsIf_SetTimerFrequency
                0x00002f4a                OsIf_MicrosToTicks
 .mcal_text     0x00002f52       0x4a ./RTD/src/OsIf_Timer_System_Internal_Systick.o
                0x00002f52                OsIf_Timer_System_Internal_Init
                0x00002f68                OsIf_Timer_System_Internal_GetCounter
                0x00002f74                OsIf_Timer_System_Internal_GetElapsed
 .mcal_text     0x00002f9c      0x2ec ./RTD/src/Port_Ci_Port_Ip.o
                0x00002f9c                Port_Ci_Port_Ip_ConfigureInterleave
                0x00003030                Port_Ci_Port_Ip_Init
                0x00003190                Port_Ci_Port_Ip_SetMuxModeSel
                0x000031da                Port_Ci_Port_Ip_EnableDigitalFilter
                0x00003208                Port_Ci_Port_Ip_DisableDigitalFilter
                0x00003238                Port_Ci_Port_Ip_ConfigDigitalFilter
                0x00003260                Port_Ci_Port_Ip_SetGlobalPinControl
 .mcal_text     0x00003288      0x12c ./RTD/src/SchM_Mcu.o
                0x00003288                SchM_Enter_Mcu_MCU_EXCLUSIVE_AREA_00
                0x000032bc                SchM_Exit_Mcu_MCU_EXCLUSIVE_AREA_00
                0x000032ec                SchM_Enter_Mcu_MCU_EXCLUSIVE_AREA_01
                0x00003320                SchM_Exit_Mcu_MCU_EXCLUSIVE_AREA_01
                0x00003350                SchM_Enter_Mcu_MCU_EXCLUSIVE_AREA_02
                0x00003384                SchM_Exit_Mcu_MCU_EXCLUSIVE_AREA_02
 .mcal_text     0x000033b4      0xaf0 ./RTD/src/SchM_Port.o
                0x000033b4                SchM_Enter_Port_PORT_EXCLUSIVE_AREA_00
                0x000033e8                SchM_Exit_Port_PORT_EXCLUSIVE_AREA_00
                0x00003418                SchM_Enter_Port_PORT_EXCLUSIVE_AREA_01
                0x0000344c                SchM_Exit_Port_PORT_EXCLUSIVE_AREA_01
                0x0000347c                SchM_Enter_Port_PORT_EXCLUSIVE_AREA_02
                0x000034b0                SchM_Exit_Port_PORT_EXCLUSIVE_AREA_02
                0x000034e0                SchM_Enter_Port_PORT_EXCLUSIVE_AREA_03
                0x00003514                SchM_Exit_Port_PORT_EXCLUSIVE_AREA_03
                0x00003544                SchM_Enter_Port_PORT_EXCLUSIVE_AREA_04
                0x00003578                SchM_Exit_Port_PORT_EXCLUSIVE_AREA_04
                0x000035a8                SchM_Enter_Port_PORT_EXCLUSIVE_AREA_05
                0x000035dc                SchM_Exit_Port_PORT_EXCLUSIVE_AREA_05
                0x0000360c                SchM_Enter_Port_PORT_EXCLUSIVE_AREA_06
                0x00003640                SchM_Exit_Port_PORT_EXCLUSIVE_AREA_06
                0x00003670                SchM_Enter_Port_PORT_EXCLUSIVE_AREA_07
                0x000036a4                SchM_Exit_Port_PORT_EXCLUSIVE_AREA_07
                0x000036d4                SchM_Enter_Port_PORT_EXCLUSIVE_AREA_08
                0x00003708                SchM_Exit_Port_PORT_EXCLUSIVE_AREA_08
                0x00003738                SchM_Enter_Port_PORT_EXCLUSIVE_AREA_09
                0x0000376c                SchM_Exit_Port_PORT_EXCLUSIVE_AREA_09
                0x0000379c                SchM_Enter_Port_PORT_EXCLUSIVE_AREA_10
                0x000037d0                SchM_Exit_Port_PORT_EXCLUSIVE_AREA_10
                0x00003800                SchM_Enter_Port_PORT_EXCLUSIVE_AREA_11
                0x00003834                SchM_Exit_Port_PORT_EXCLUSIVE_AREA_11
                0x00003864                SchM_Enter_Port_PORT_EXCLUSIVE_AREA_12
                0x00003898                SchM_Exit_Port_PORT_EXCLUSIVE_AREA_12
                0x000038c8                SchM_Enter_Port_PORT_EXCLUSIVE_AREA_13
                0x000038fc                SchM_Exit_Port_PORT_EXCLUSIVE_AREA_13
                0x0000392c                SchM_Enter_Port_PORT_EXCLUSIVE_AREA_14
                0x00003960                SchM_Exit_Port_PORT_EXCLUSIVE_AREA_14
                0x00003990                SchM_Enter_Port_PORT_EXCLUSIVE_AREA_15
                0x000039c4                SchM_Exit_Port_PORT_EXCLUSIVE_AREA_15
                0x000039f4                SchM_Enter_Port_PORT_EXCLUSIVE_AREA_16
                0x00003a28                SchM_Exit_Port_PORT_EXCLUSIVE_AREA_16
                0x00003a58                SchM_Enter_Port_PORT_EXCLUSIVE_AREA_17
                0x00003a8c                SchM_Exit_Port_PORT_EXCLUSIVE_AREA_17
                0x00003abc                SchM_Enter_Port_PORT_EXCLUSIVE_AREA_18
                0x00003af0                SchM_Exit_Port_PORT_EXCLUSIVE_AREA_18
                0x00003b20                SchM_Enter_Port_PORT_EXCLUSIVE_AREA_19
                0x00003b54                SchM_Exit_Port_PORT_EXCLUSIVE_AREA_19
                0x00003b84                SchM_Enter_Port_PORT_EXCLUSIVE_AREA_20
                0x00003bb8                SchM_Exit_Port_PORT_EXCLUSIVE_AREA_20
                0x00003be8                SchM_Enter_Port_PORT_EXCLUSIVE_AREA_21
                0x00003c1c                SchM_Exit_Port_PORT_EXCLUSIVE_AREA_21
                0x00003c4c                SchM_Enter_Port_PORT_EXCLUSIVE_AREA_22
                0x00003c80                SchM_Exit_Port_PORT_EXCLUSIVE_AREA_22
                0x00003cb0                SchM_Enter_Port_PORT_EXCLUSIVE_AREA_23
                0x00003ce4                SchM_Exit_Port_PORT_EXCLUSIVE_AREA_23
                0x00003d14                SchM_Enter_Port_PORT_EXCLUSIVE_AREA_24
                0x00003d48                SchM_Exit_Port_PORT_EXCLUSIVE_AREA_24
                0x00003d78                SchM_Enter_Port_PORT_EXCLUSIVE_AREA_25
                0x00003dac                SchM_Exit_Port_PORT_EXCLUSIVE_AREA_25
                0x00003ddc                SchM_Enter_Port_PORT_EXCLUSIVE_AREA_26
                0x00003e10                SchM_Exit_Port_PORT_EXCLUSIVE_AREA_26
                0x00003e40                SchM_Enter_Port_PORT_EXCLUSIVE_AREA_27
                0x00003e74                SchM_Exit_Port_PORT_EXCLUSIVE_AREA_27
                0x00003ea4                . = ALIGN (0x4)
                0x00003ea4                acfls_code_rom_start = .
                0x00003ea4                . = ALIGN (0x4)
 *(.acfls_code_rom)
                0x00003ea4                . = ALIGN (0x4)
                0x00003ea4                acfls_code_rom_end = .
                0x00003ea4                acmem_43_infls_code_rom_start = .
 *(.acmem_43_infls_code_rom)
                0x00003ea4                . = ALIGN (0x4)
                0x00003ea4                acmem_43_infls_code_rom_end = .
 *(.init)
                0x00003ea4                . = ALIGN (0x4)
 *(.fini)
                0x00003ea4                . = ALIGN (0x4)
 *(.rodata)
 *(.rodata*)
                0x00003ea4                . = ALIGN (0x4)
 *(.mcal_const_cfg)
 .mcal_const_cfg
                0x00003ea4      0x430 ./generate/src/Clock_Ip_Cfg.o
                0x00003ea4                Clock_Ip_aClockConfig
                0x000042d4                . = ALIGN (0x4)
 *(.mcal_const)
 .mcal_const    0x000042d4      0x5d4 ./RTD/src/Clock_Ip_Data.o
                0x000042d4                Clock_Ip_aeHwDfsName
                0x000042d8                Clock_Ip_aeHwPllName
                0x000042dc                Clock_Ip_aeSourceTypeClockName
                0x000043a0                Clock_Ip_apxScgPeriphAsyncDivs
                0x000043b0                Clock_Ip_au8DividerValueHardwareValue
                0x000043f1                Clock_Ip_au8SelectorEntrySIMHardwareValue
                0x00004422                Clock_Ip_au8SelectorEntryPcsHardwareValue
                0x00004453                Clock_Ip_au8SelectorEntryScsHardwareValue
                0x00004484                Clock_Ip_au16SelectorEntryHardwareValue
                0x000044df                Clock_Ip_au8ClockFeatures
                0x00004812                Clock_Ip_au8CmuCallbackIndex
                0x00004821                Clock_Ip_au8PcfsCallbackIndex
                0x00004830                Clock_Ip_au8SelectorCallbackIndex
                0x0000483f                Clock_Ip_au8PllCallbackIndex
                0x0000484e                Clock_Ip_au8FractionalDividerCallbackIndex
                0x0000485d                Clock_Ip_au8GateCallbackIndex
                0x0000486c                Clock_Ip_au8IrcoscCallbackIndex
                0x0000487b                Clock_Ip_au8XoscCallbackIndex
                0x0000488a                Clock_Ip_au8DividerTriggerCallbackIndex
                0x00004899                Clock_Ip_au8DividerCallbackIndex
 .mcal_const    0x000048a8       0x3c ./RTD/src/Clock_Ip_Divider.o
                0x000048a8                Clock_Ip_axDividerCallbacks
 .mcal_const    0x000048e4        0x8 ./RTD/src/Clock_Ip_DividerTrigger.o
                0x000048e4                Clock_Ip_axDividerTriggerCallbacks
 .mcal_const    0x000048ec       0x20 ./RTD/src/Clock_Ip_ExtOsc.o
                0x000048ec                Clock_Ip_axExtOscCallbacks
 .mcal_const    0x0000490c        0xc ./RTD/src/Clock_Ip_FracDiv.o
                0x0000490c                Clock_Ip_axFracDivCallbacks
 .mcal_const    0x00004918       0x38 ./RTD/src/Clock_Ip_Gate.o
                0x00004918                Clock_Ip_axGateCallbacks
 .mcal_const    0x00004950       0x3c ./RTD/src/Clock_Ip_IntOsc.o
                0x00004950                Clock_Ip_axIntOscCallbacks
 .mcal_const    0x0000498c       0x10 ./RTD/src/Clock_Ip_Monitor.o
                0x0000498c                Clock_Ip_axCmuCallbacks
 .mcal_const    0x0000499c       0x28 ./RTD/src/Clock_Ip_Pll.o
                0x0000499c                Clock_Ip_axPllCallbacks
 .mcal_const    0x000049c4        0x4 ./RTD/src/Clock_Ip_ProgFreqSwitch.o
                0x000049c4                Clock_Ip_axPcfsCallbacks
 .mcal_const    0x000049c8       0x58 ./RTD/src/Clock_Ip_Selector.o
                0x000049c8                Clock_Ip_axSelectorCallbacks
 .mcal_const    0x00004a20       0x20 ./RTD/src/Clock_Ip_Specific.o
 .mcal_const    0x00004a40       0x28 ./RTD/src/Port_Ci_Port_Ip.o
                0x00004a40                Port_au32PortCiGpioBaseAddr
                0x00004a54                Port_au32PortCiPortBaseAddr
                0x00004a68                . = ALIGN (0x4)
 *(.mcal_const_no_cacheable)
                0x00004a68                . = ALIGN (0x4)
                0x00004a68                __init_table = .
 *(.init_table)
 .init_table    0x00004a68       0x1c ./Project_Settings/Startup_Code/startup_cm4.o
                0x00004a84                . = ALIGN (0x4)
                0x00004a84                __zero_table = .
 *(.zero_table)
 .zero_table    0x00004a84        0xc ./Project_Settings/Startup_Code/startup_cm4.o
                0x00004a90                . = ALIGN (0x4)
 *(.acmcu_code_rom)
                0x00004a90                . = ALIGN (0x4)
                0x00004a90                _etext = .
                0x00004a90                __DATA_ROM = .

.glue_7         0x00004a90        0x0
 .glue_7        0x00004a90        0x0 linker stubs

.glue_7t        0x00004a90        0x0
 .glue_7t       0x00004a90        0x0 linker stubs

.vfp11_veneer   0x00004a90        0x0
 .vfp11_veneer  0x00004a90        0x0 linker stubs

.v4_bx          0x00004a90        0x0
 .v4_bx         0x00004a90        0x0 linker stubs

.iplt           0x00004a90        0x0
 .iplt          0x00004a90        0x0 ./Project_Settings/Startup_Code/Vector_Table.o

.igot.plt       0x00004a90        0x0
 .igot.plt      0x00004a90        0x0 ./Project_Settings/Startup_Code/Vector_Table.o

.rel.dyn        0x00004a90        0x0
 .rel.iplt      0x00004a90        0x0 ./Project_Settings/Startup_Code/Vector_Table.o
                0x00004a90                . = ALIGN (0x4)
                [!provide]                PROVIDE (__exidx_start = .)

.ARM.exidx
 *(.ARM.exidx* .gnu.linkonce.armexidx.*)
                0x00004a90                . = ALIGN (0x4)
                [!provide]                PROVIDE (__exidx_end = .)

.ARM.extab      0x1fff0100        0x0
 *(.ARM.extab*)
                0x1fff0100                . = ALIGN (0x4)

.sram_interrupts
                0x1fff0100      0xa10
                0x1fff0800                . = ALIGN (0x800)
 *fill*         0x1fff0100      0x700 
                0x1fff0800                __interrupts_ram_start = .
                0x1fff0b10                . = (. + (__interrupts_rom_end - __interrupts_rom_start))
 *fill*         0x1fff0800      0x310 
                0x1fff0b10                . = ALIGN (0x4)
                0x1fff0b10                __interrupts_ram_end = .

.sram_data      0x1fff0b10       0x80 load address 0x00004a90
                0x1fff0b10                . = ALIGN (0x4)
                0x1fff0b10                __data_ram_start = .
 *(.ramcode)
                0x1fff0b10                . = ALIGN (0x4)
 *(.data)
 .data          0x1fff0b10        0x0 ./Project_Settings/Startup_Code/Vector_Table.o
 .data          0x1fff0b10        0x0 ./Project_Settings/Startup_Code/exceptions.o
 .data          0x1fff0b10        0x0 ./Project_Settings/Startup_Code/nvic.o
 .data          0x1fff0b10        0x0 ./Project_Settings/Startup_Code/startup.o
 .data          0x1fff0b10        0x0 ./Project_Settings/Startup_Code/startup_cm4.o
 .data          0x1fff0b10        0x0 ./Project_Settings/Startup_Code/system.o
 .data          0x1fff0b10        0x4 ./RTD/src/Clock_Ip.o
 .data          0x1fff0b14        0x0 ./RTD/src/Clock_Ip_Data.o
 .data          0x1fff0b14        0x0 ./RTD/src/Clock_Ip_Divider.o
 .data          0x1fff0b14        0x0 ./RTD/src/Clock_Ip_DividerTrigger.o
 .data          0x1fff0b14        0x0 ./RTD/src/Clock_Ip_ExtOsc.o
 .data          0x1fff0b14        0x0 ./RTD/src/Clock_Ip_FracDiv.o
 .data          0x1fff0b14        0x0 ./RTD/src/Clock_Ip_Frequency.o
 .data          0x1fff0b14        0x0 ./RTD/src/Clock_Ip_Gate.o
 .data          0x1fff0b14        0x0 ./RTD/src/Clock_Ip_IntOsc.o
 .data          0x1fff0b14        0x0 ./RTD/src/Clock_Ip_Irq.o
 .data          0x1fff0b14        0x0 ./RTD/src/Clock_Ip_Monitor.o
 .data          0x1fff0b14        0x0 ./RTD/src/Clock_Ip_Pll.o
 .data          0x1fff0b14        0x0 ./RTD/src/Clock_Ip_ProgFreqSwitch.o
 .data          0x1fff0b14        0x0 ./RTD/src/Clock_Ip_Selector.o
 .data          0x1fff0b14        0x0 ./RTD/src/Clock_Ip_Specific.o
 .data          0x1fff0b14        0x0 ./RTD/src/Det.o
 .data          0x1fff0b14        0x0 ./RTD/src/Det_stub.o
 .data          0x1fff0b14        0x0 ./RTD/src/OsIf_Interrupts.o
 .data          0x1fff0b14        0x0 ./RTD/src/OsIf_Software_Semaphore.o
 .data          0x1fff0b14        0x0 ./RTD/src/OsIf_Timer.o
 .data          0x1fff0b14        0x0 ./RTD/src/OsIf_Timer_System.o
 .data          0x1fff0b14        0x0 ./RTD/src/OsIf_Timer_System_Internal_Systick.o
 .data          0x1fff0b14        0x0 ./RTD/src/Port_Ci_Port_Ip.o
 .data          0x1fff0b14        0x0 ./RTD/src/SchM_Mcu.o
 .data          0x1fff0b14        0x0 ./RTD/src/SchM_Port.o
 .data          0x1fff0b14       0x78 ./board/Port_Ci_Port_Ip_Cfg.o
                0x1fff0b14                g_pin_mux_InitConfigArr_PortContainer_0_BOARD_InitPeripherals
 .data          0x1fff0b8c        0x0 ./generate/src/Clock_Ip_Cfg.o
 .data          0x1fff0b8c        0x0 ./generate/src/OsIf_Cfg.o
 .data          0x1fff0b8c        0x0 ./src/main.o
 .data          0x1fff0b8c        0x0 d:/nxp/s32ds.3.6.6/s32ds/build_tools/gcc_v10.2/gcc-10.2-arm32-eabi/bin/../lib/gcc/arm-none-eabi/10.2.0/../../../../arm-none-eabi/lib/thumb/v7e-m+fp/hard\libc_nano.a(lib_a-memset.o)
 *(.data*)
                0x1fff0b8c                . = ALIGN (0x4)
 *(.mcal_data)
 .mcal_data     0x1fff0b8c        0x1 ./RTD/src/Clock_Ip.o
                0x1fff0b8c                Clock_Ip_bSentFromUpdateDriverContext
 .mcal_data     0x1fff0b8d        0x2 ./RTD/src/Clock_Ip_Specific.o
                0x1fff0b90                . = ALIGN (0x4)
 *fill*         0x1fff0b8f        0x1 
 *(.mcal_data_no_cacheable)
                0x1fff0b90                . = ALIGN (0x4)
 *(.mcal_shared_data)
                0x1fff0b90                . = ALIGN (0x4)
                0x1fff0b90                __data_ram_end = .
                0x00004b10                __DATA_ROM_END = (__DATA_ROM + (__data_ram_end - __data_ram_start))

.sram_bss       0x1fff0b90      0x420 load address 0x00004b10
                0x1fff0b90                . = ALIGN (0x10)
                0x1fff0b90                __sram_bss_start = .
 *(.bss)
 .bss           0x1fff0b90        0x0 ./Project_Settings/Startup_Code/Vector_Table.o
 .bss           0x1fff0b90        0x0 ./Project_Settings/Startup_Code/exceptions.o
 .bss           0x1fff0b90        0x0 ./Project_Settings/Startup_Code/nvic.o
 .bss           0x1fff0b90        0x0 ./Project_Settings/Startup_Code/startup.o
 .bss           0x1fff0b90        0x0 ./Project_Settings/Startup_Code/startup_cm4.o
 .bss           0x1fff0b90        0x4 ./Project_Settings/Startup_Code/system.o
                0x1fff0b90                RESET_CATCH_CORE
 .bss           0x1fff0b94        0x0 ./RTD/src/Clock_Ip.o
 .bss           0x1fff0b94        0x0 ./RTD/src/Clock_Ip_Data.o
 .bss           0x1fff0b94        0x0 ./RTD/src/Clock_Ip_Divider.o
 .bss           0x1fff0b94        0x0 ./RTD/src/Clock_Ip_DividerTrigger.o
 .bss           0x1fff0b94        0x0 ./RTD/src/Clock_Ip_ExtOsc.o
 .bss           0x1fff0b94        0x0 ./RTD/src/Clock_Ip_FracDiv.o
 .bss           0x1fff0b94        0x0 ./RTD/src/Clock_Ip_Frequency.o
 .bss           0x1fff0b94        0x0 ./RTD/src/Clock_Ip_Gate.o
 .bss           0x1fff0b94        0x0 ./RTD/src/Clock_Ip_IntOsc.o
 .bss           0x1fff0b94        0x0 ./RTD/src/Clock_Ip_Irq.o
 .bss           0x1fff0b94        0x0 ./RTD/src/Clock_Ip_Monitor.o
 .bss           0x1fff0b94        0x0 ./RTD/src/Clock_Ip_Pll.o
 .bss           0x1fff0b94        0x0 ./RTD/src/Clock_Ip_ProgFreqSwitch.o
 .bss           0x1fff0b94        0x0 ./RTD/src/Clock_Ip_Selector.o
 .bss           0x1fff0b94        0x0 ./RTD/src/Clock_Ip_Specific.o
 .bss           0x1fff0b94        0x0 ./RTD/src/Det.o
 .bss           0x1fff0b94        0x0 ./RTD/src/Det_stub.o
 .bss           0x1fff0b94        0x0 ./RTD/src/OsIf_Interrupts.o
 .bss           0x1fff0b94        0x0 ./RTD/src/OsIf_Software_Semaphore.o
 .bss           0x1fff0b94        0x0 ./RTD/src/OsIf_Timer.o
 .bss           0x1fff0b94        0x0 ./RTD/src/OsIf_Timer_System.o
 .bss           0x1fff0b94        0x0 ./RTD/src/OsIf_Timer_System_Internal_Systick.o
 .bss           0x1fff0b94        0x0 ./RTD/src/Port_Ci_Port_Ip.o
 .bss           0x1fff0b94        0x0 ./RTD/src/SchM_Mcu.o
 .bss           0x1fff0b94        0x0 ./RTD/src/SchM_Port.o
 .bss           0x1fff0b94        0x0 ./board/Port_Ci_Port_Ip_Cfg.o
 .bss           0x1fff0b94        0x0 ./generate/src/Clock_Ip_Cfg.o
 .bss           0x1fff0b94        0x0 ./generate/src/OsIf_Cfg.o
 .bss           0x1fff0b94        0x4 ./src/main.o
                0x1fff0b94                exit_code
 .bss           0x1fff0b98        0x0 d:/nxp/s32ds.3.6.6/s32ds/build_tools/gcc_v10.2/gcc-10.2-arm32-eabi/bin/../lib/gcc/arm-none-eabi/10.2.0/../../../../arm-none-eabi/lib/thumb/v7e-m+fp/hard\libc_nano.a(lib_a-memset.o)
 *(.bss*)
                0x1fff0ba0                . = ALIGN (0x10)
 *fill*         0x1fff0b98        0x8 
 *(.mcal_bss)
 .mcal_bss      0x1fff0ba0       0x65 ./RTD/src/Clock_Ip.o
                0x1fff0ba0                Clock_Ip_FreqIds
 *fill*         0x1fff0c05        0x3 
 .mcal_bss      0x1fff0c08      0x13c ./RTD/src/Clock_Ip_Specific.o
                0x1fff0d50                . = ALIGN (0x10)
 *fill*         0x1fff0d44        0xc 
                0x1fff0d50                __non_cacheable_bss_start = .
 *(.mcal_bss_no_cacheable)
 .mcal_bss_no_cacheable
                0x1fff0d50      0x168 ./RTD/src/Det.o
                0x1fff0d50                Det_NextIdxList
                0x1fff0d64                Det_RuntimeErrorId
                0x1fff0d70                Det_aErrorState
                0x1fff0d94                Det_Runtime_NextIdxList
                0x1fff0da8                Det_aRuntimeErrorState
                0x1fff0dcc                Det_ModuleId
                0x1fff0de0                Det_numTransientEventErrors
                0x1fff0de4                Det_TransientInstanceId
                0x1fff0dee                Det_RuntimeModuleId
                0x1fff0e02                Det_TransientFaultId
                0x1fff0e0c                Det_OverflowErrorFlag
                0x1fff0e0e                Det_Transient_Head
                0x1fff0e10                Det_RuntimeInstanceId
                0x1fff0e1c                Det_ModuleState
                0x1fff0e20                Det_OverflowRuntimeErrorFlag
                0x1fff0e21                Det_RuntimeApiId
                0x1fff0e2b                Det_OverflowTransientErrorFlag
                0x1fff0e2c                Det_Head
                0x1fff0e30                Det_numEventErrors
                0x1fff0e34                Det_Runtime_Head
                0x1fff0e36                Det_Tail
                0x1fff0e38                Det_InstanceId
                0x1fff0e44                Det_numRuntimeEventErrors
                0x1fff0e48                Det_Runtime_Tail
                0x1fff0e4a                Det_TransientApiId
                0x1fff0e54                Det_ApiId
                0x1fff0e5e                Det_Transient_NextIdxList
                0x1fff0e74                Det_aTransientErrorState
                0x1fff0e98                Det_Transient_Tail
                0x1fff0e9a                Det_ErrorId
                0x1fff0ea4                Det_TransientModuleId
 .mcal_bss_no_cacheable
                0x1fff0eb8       0x18 ./RTD/src/SchM_Mcu.o
 .mcal_bss_no_cacheable
                0x1fff0ed0       0xe0 ./RTD/src/SchM_Port.o
                0x1fff0fb0                . = ALIGN (0x10)
                0x1fff0fb0                __non_cacheable_bss_end = .
                0x1fff0fb0                __shareable_bss_start = .
 *(.mcal_shared_bss)
                0x1fff0fb0                . = ALIGN (0x10)
                0x1fff0fb0                __shareable_bss_end = .
                0x1fff0fb0                __sram_bss_end = .

.acfls_code_ram
                0x1fff0fb0        0x0
                0x1fff0fb0                . = (. + (acfls_code_rom_end - acfls_code_rom_start))

.acmem_43_infls_code_ram
                0x1fff0fb0        0x0
                0x1fff0fb0                . = (. + (acmem_43_infls_code_rom_end - acmem_43_infls_code_rom_start))

.heap           0x1fff0fb0      0x200 load address 0x00004f30
                0x1fff0fb0                . = ALIGN (0x4)
                0x1fff0fb0                _end = .
                0x1fff0fb0                end = .
                0x1fff0fb0                _heap_start = .
                0x1fff11b0                . = (. + HEAP_SIZE)
 *fill*         0x1fff0fb0      0x200 
                0x1fff11b0                _heap_end = .

int_results     0x1fff0000      0x100
                0x1fff0000                . = ALIGN (0x4)
 *(.int_results)
                0x1fff0100                . = (. + 0x100)
 *fill*         0x1fff0000      0x100 
                0x2000e000                __Stack_end_c0 = ORIGIN (int_sram_stack_c0)
                0x2000f000                __Stack_start_c0 = (ORIGIN (int_sram_stack_c0) + LENGTH (int_sram_stack_c0))
                0x1fff0000                __INT_SRAM_START = ORIGIN (int_sram_results)
                0x2000f000                __INT_SRAM_END = ORIGIN (ram_rsvd2)
                0x1fff0b10                __RAM_INIT_START = __data_ram_start
                0x1fff0b90                __RAM_INIT_END = __data_ram_end
                0x00004a90                __ROM_INIT_START = __DATA_ROM
                0x00004b10                __ROM_INIT_END = __DATA_ROM_END
                0x1fff0b90                __BSS_SRAM_START = __sram_bss_start
                0x1fff0fb0                __BSS_SRAM_END = __sram_bss_end
                0x00000420                __BSS_SRAM_SIZE = (__sram_bss_end - __sram_bss_start)
                0x1fff0800                __RAM_INTERRUPT_START = __interrupts_ram_start
                0x00000000                __ROM_INTERRUPT_START = __interrupts_rom_start
                0x00000310                __ROM_INTERRUPT_END = __interrupts_rom_end
                0x00004a68                __INIT_TABLE = __init_table
                0x00004a84                __ZERO_TABLE = __zero_table
                0x00000001                __RAM_INIT = 0x1
                0x00003ea4                Fls_ACEraseRomStart = acfls_code_rom_start
                0x00003ea4                Fls_ACEraseRomEnd = acfls_code_rom_end
                0x00000000                Fls_ACEraseSize = (((acfls_code_rom_end - acfls_code_rom_start) + 0x3) / 0x4)
                0x00003ea4                Fls_ACWriteRomStart = acfls_code_rom_start
                0x00003ea4                Fls_ACWriteRomEnd = acfls_code_rom_end
                0x00000000                Fls_ACWriteSize = (((acfls_code_rom_end - acfls_code_rom_start) + 0x3) / 0x4)
                0x1fff0fb0                _ERASE_FUNC_ADDRESS_ = ADDR (.acfls_code_ram)
                0x1fff0fb0                _WRITE_FUNC_ADDRESS_ = ADDR (.acfls_code_ram)
                0x00003ea4                Mem_43_INFLS_ACEraseRomStart = acmem_43_infls_code_rom_start
                0x00003ea4                Mem_43_INFLS_ACEraseRomEnd = acmem_43_infls_code_rom_end
                0x00000000                Mem_43_INFLS_ACEraseSize = (((acmem_43_infls_code_rom_end - acmem_43_infls_code_rom_start) + 0x3) / 0x4)
                0x00003ea4                Mem_43_INFLS_ACWriteRomStart = acmem_43_infls_code_rom_start
                0x00003ea4                Mem_43_INFLS_ACWriteRomEnd = acmem_43_infls_code_rom_end
                0x00000000                Mem_43_INFLS_ACWriteSize = (((acmem_43_infls_code_rom_end - acmem_43_infls_code_rom_start) + 0x3) / 0x4)
                0x1fff0fb0                _MEM_43_INFLS_ERASE_FUNC_ADDRESS_ = ADDR (.acmem_43_infls_code_ram)
                0x1fff0fb0                _MEM_43_INFLS_WRITE_FUNC_ADDRESS_ = ADDR (.acmem_43_infls_code_ram)
                0x1fff0800                __ENTRY_VTABLE = __RAM_INTERRUPT_START
OUTPUT(S32K146_LAB1.elf elf32-littlearm)
LOAD linker stubs

.ARM.attributes
                0x00000000       0x30
 .ARM.attributes
                0x00000000       0x20 ./Project_Settings/Startup_Code/Vector_Table.o
 .ARM.attributes
                0x00000020       0x34 ./Project_Settings/Startup_Code/exceptions.o
 .ARM.attributes
                0x00000054       0x34 ./Project_Settings/Startup_Code/nvic.o
 .ARM.attributes
                0x00000088       0x34 ./Project_Settings/Startup_Code/startup.o
 .ARM.attributes
                0x000000bc       0x1f ./Project_Settings/Startup_Code/startup_cm4.o
 .ARM.attributes
                0x000000db       0x34 ./Project_Settings/Startup_Code/system.o
 .ARM.attributes
                0x0000010f       0x34 ./RTD/src/Clock_Ip.o
 .ARM.attributes
                0x00000143       0x39 ./RTD/src/Clock_Ip_Data.o
 .ARM.attributes
                0x0000017c       0x34 ./RTD/src/Clock_Ip_Divider.o
 .ARM.attributes
                0x000001b0       0x34 ./RTD/src/Clock_Ip_DividerTrigger.o
 .ARM.attributes
                0x000001e4       0x34 ./RTD/src/Clock_Ip_ExtOsc.o
 .ARM.attributes
                0x00000218       0x34 ./RTD/src/Clock_Ip_FracDiv.o
 .ARM.attributes
                0x0000024c       0x34 ./RTD/src/Clock_Ip_Frequency.o
 .ARM.attributes
                0x00000280       0x34 ./RTD/src/Clock_Ip_Gate.o
 .ARM.attributes
                0x000002b4       0x34 ./RTD/src/Clock_Ip_IntOsc.o
 .ARM.attributes
                0x000002e8       0x39 ./RTD/src/Clock_Ip_Irq.o
 .ARM.attributes
                0x00000321       0x34 ./RTD/src/Clock_Ip_Monitor.o
 .ARM.attributes
                0x00000355       0x34 ./RTD/src/Clock_Ip_Pll.o
 .ARM.attributes
                0x00000389       0x34 ./RTD/src/Clock_Ip_ProgFreqSwitch.o
 .ARM.attributes
                0x000003bd       0x34 ./RTD/src/Clock_Ip_Selector.o
 .ARM.attributes
                0x000003f1       0x34 ./RTD/src/Clock_Ip_Specific.o
 .ARM.attributes
                0x00000425       0x34 ./RTD/src/Det.o
 .ARM.attributes
                0x00000459       0x34 ./RTD/src/Det_stub.o
 .ARM.attributes
                0x0000048d       0x39 ./RTD/src/OsIf_Interrupts.o
 .ARM.attributes
                0x000004c6       0x39 ./RTD/src/OsIf_Software_Semaphore.o
 .ARM.attributes
                0x000004ff       0x34 ./RTD/src/OsIf_Timer.o
 .ARM.attributes
                0x00000533       0x39 ./RTD/src/OsIf_Timer_System.o
 .ARM.attributes
                0x0000056c       0x34 ./RTD/src/OsIf_Timer_System_Internal_Systick.o
 .ARM.attributes
                0x000005a0       0x34 ./RTD/src/Port_Ci_Port_Ip.o
 .ARM.attributes
                0x000005d4       0x34 ./RTD/src/SchM_Mcu.o
 .ARM.attributes
                0x00000608       0x34 ./RTD/src/SchM_Port.o
 .ARM.attributes
                0x0000063c       0x39 ./board/Port_Ci_Port_Ip_Cfg.o
 .ARM.attributes
                0x00000675       0x39 ./generate/src/Clock_Ip_Cfg.o
 .ARM.attributes
                0x000006ae       0x39 ./generate/src/OsIf_Cfg.o
 .ARM.attributes
                0x000006e7       0x34 ./src/main.o
 .ARM.attributes
                0x0000071b       0x34 d:/nxp/s32ds.3.6.6/s32ds/build_tools/gcc_v10.2/gcc-10.2-arm32-eabi/bin/../lib/gcc/arm-none-eabi/10.2.0/../../../../arm-none-eabi/lib/thumb/v7e-m+fp/hard\libc_nano.a(lib_a-memset.o)

.comment        0x00000000       0x88
 .comment       0x00000000       0x88 ./Project_Settings/Startup_Code/exceptions.o
                                 0x89 (size before relaxing)
 .comment       0x00000088       0x89 ./Project_Settings/Startup_Code/nvic.o
 .comment       0x00000088       0x89 ./Project_Settings/Startup_Code/startup.o
 .comment       0x00000088       0x89 ./Project_Settings/Startup_Code/system.o
 .comment       0x00000088       0x89 ./RTD/src/Clock_Ip.o
 .comment       0x00000088       0x89 ./RTD/src/Clock_Ip_Data.o
 .comment       0x00000088       0x89 ./RTD/src/Clock_Ip_Divider.o
 .comment       0x00000088       0x89 ./RTD/src/Clock_Ip_DividerTrigger.o
 .comment       0x00000088       0x89 ./RTD/src/Clock_Ip_ExtOsc.o
 .comment       0x00000088       0x89 ./RTD/src/Clock_Ip_FracDiv.o
 .comment       0x00000088       0x89 ./RTD/src/Clock_Ip_Frequency.o
 .comment       0x00000088       0x89 ./RTD/src/Clock_Ip_Gate.o
 .comment       0x00000088       0x89 ./RTD/src/Clock_Ip_IntOsc.o
 .comment       0x00000088       0x89 ./RTD/src/Clock_Ip_Irq.o
 .comment       0x00000088       0x89 ./RTD/src/Clock_Ip_Monitor.o
 .comment       0x00000088       0x89 ./RTD/src/Clock_Ip_Pll.o
 .comment       0x00000088       0x89 ./RTD/src/Clock_Ip_ProgFreqSwitch.o
 .comment       0x00000088       0x89 ./RTD/src/Clock_Ip_Selector.o
 .comment       0x00000088       0x89 ./RTD/src/Clock_Ip_Specific.o
 .comment       0x00000088       0x89 ./RTD/src/Det.o
 .comment       0x00000088       0x89 ./RTD/src/Det_stub.o
 .comment       0x00000088       0x89 ./RTD/src/OsIf_Interrupts.o
 .comment       0x00000088       0x89 ./RTD/src/OsIf_Software_Semaphore.o
 .comment       0x00000088       0x89 ./RTD/src/OsIf_Timer.o
 .comment       0x00000088       0x89 ./RTD/src/OsIf_Timer_System.o
 .comment       0x00000088       0x89 ./RTD/src/OsIf_Timer_System_Internal_Systick.o
 .comment       0x00000088       0x89 ./RTD/src/Port_Ci_Port_Ip.o
 .comment       0x00000088       0x89 ./RTD/src/SchM_Mcu.o
 .comment       0x00000088       0x89 ./RTD/src/SchM_Port.o
 .comment       0x00000088       0x89 ./board/Port_Ci_Port_Ip_Cfg.o
 .comment       0x00000088       0x89 ./generate/src/Clock_Ip_Cfg.o
 .comment       0x00000088       0x89 ./generate/src/OsIf_Cfg.o
 .comment       0x00000088       0x89 ./src/main.o
 .comment       0x00000088       0x89 d:/nxp/s32ds.3.6.6/s32ds/build_tools/gcc_v10.2/gcc-10.2-arm32-eabi/bin/../lib/gcc/arm-none-eabi/10.2.0/../../../../arm-none-eabi/lib/thumb/v7e-m+fp/hard\libc_nano.a(lib_a-memset.o)

.debug_info     0x00000000    0x13ae1
 .debug_info    0x00000000      0x139 ./Project_Settings/Startup_Code/exceptions.o
 .debug_info    0x00000139      0x47e ./Project_Settings/Startup_Code/nvic.o
 .debug_info    0x000005b7      0x260 ./Project_Settings/Startup_Code/startup.o
 .debug_info    0x00000817       0x26 ./Project_Settings/Startup_Code/startup_cm4.o
 .debug_info    0x0000083d      0x470 ./Project_Settings/Startup_Code/system.o
 .debug_info    0x00000cad     0x2220 ./RTD/src/Clock_Ip.o
 .debug_info    0x00002ecd      0x89f ./RTD/src/Clock_Ip_Data.o
 .debug_info    0x0000376c      0xedc ./RTD/src/Clock_Ip_Divider.o
 .debug_info    0x00004648      0x473 ./RTD/src/Clock_Ip_DividerTrigger.o
 .debug_info    0x00004abb      0xb3d ./RTD/src/Clock_Ip_ExtOsc.o
 .debug_info    0x000055f8      0x50d ./RTD/src/Clock_Ip_FracDiv.o
 .debug_info    0x00005b05      0x37f ./RTD/src/Clock_Ip_Frequency.o
 .debug_info    0x00005e84      0xcfd ./RTD/src/Clock_Ip_Gate.o
 .debug_info    0x00006b81     0x1585 ./RTD/src/Clock_Ip_IntOsc.o
 .debug_info    0x00008106       0x7d ./RTD/src/Clock_Ip_Irq.o
 .debug_info    0x00008183      0x78a ./RTD/src/Clock_Ip_Monitor.o
 .debug_info    0x0000890d      0xdce ./RTD/src/Clock_Ip_Pll.o
 .debug_info    0x000096db      0x483 ./RTD/src/Clock_Ip_ProgFreqSwitch.o
 .debug_info    0x00009b5e     0x1706 ./RTD/src/Clock_Ip_Selector.o
 .debug_info    0x0000b264     0x2033 ./RTD/src/Clock_Ip_Specific.o
 .debug_info    0x0000d297      0xe0f ./RTD/src/Det.o
 .debug_info    0x0000e0a6      0x5d6 ./RTD/src/Det_stub.o
 .debug_info    0x0000e67c       0x7d ./RTD/src/OsIf_Interrupts.o
 .debug_info    0x0000e6f9       0x7d ./RTD/src/OsIf_Software_Semaphore.o
 .debug_info    0x0000e776      0x2ce ./RTD/src/OsIf_Timer.o
 .debug_info    0x0000ea44       0x7d ./RTD/src/OsIf_Timer_System.o
 .debug_info    0x0000eac1      0x197 ./RTD/src/OsIf_Timer_System_Internal_Systick.o
 .debug_info    0x0000ec58      0xe06 ./RTD/src/Port_Ci_Port_Ip.o
 .debug_info    0x0000fa5e      0x39d ./RTD/src/SchM_Mcu.o
 .debug_info    0x0000fdfb     0x17a2 ./RTD/src/SchM_Port.o
 .debug_info    0x0001159d      0x41a ./board/Port_Ci_Port_Ip_Cfg.o
 .debug_info    0x000119b7      0xe36 ./generate/src/Clock_Ip_Cfg.o
 .debug_info    0x000127ed       0x7d ./generate/src/OsIf_Cfg.o
 .debug_info    0x0001286a     0x1277 ./src/main.o

.debug_abbrev   0x00000000     0x3332
 .debug_abbrev  0x00000000       0x47 ./Project_Settings/Startup_Code/exceptions.o
 .debug_abbrev  0x00000047      0x111 ./Project_Settings/Startup_Code/nvic.o
 .debug_abbrev  0x00000158      0x128 ./Project_Settings/Startup_Code/startup.o
 .debug_abbrev  0x00000280       0x14 ./Project_Settings/Startup_Code/startup_cm4.o
 .debug_abbrev  0x00000294      0x189 ./Project_Settings/Startup_Code/system.o
 .debug_abbrev  0x0000041d      0x3be ./RTD/src/Clock_Ip.o
 .debug_abbrev  0x000007db      0x12c ./RTD/src/Clock_Ip_Data.o
 .debug_abbrev  0x00000907      0x1fd ./RTD/src/Clock_Ip_Divider.o
 .debug_abbrev  0x00000b04      0x117 ./RTD/src/Clock_Ip_DividerTrigger.o
 .debug_abbrev  0x00000c1b      0x2d0 ./RTD/src/Clock_Ip_ExtOsc.o
 .debug_abbrev  0x00000eeb      0x163 ./RTD/src/Clock_Ip_FracDiv.o
 .debug_abbrev  0x0000104e       0x92 ./RTD/src/Clock_Ip_Frequency.o
 .debug_abbrev  0x000010e0      0x2ba ./RTD/src/Clock_Ip_Gate.o
 .debug_abbrev  0x0000139a      0x35d ./RTD/src/Clock_Ip_IntOsc.o
 .debug_abbrev  0x000016f7       0x29 ./RTD/src/Clock_Ip_Irq.o
 .debug_abbrev  0x00001720      0x14b ./RTD/src/Clock_Ip_Monitor.o
 .debug_abbrev  0x0000186b      0x34f ./RTD/src/Clock_Ip_Pll.o
 .debug_abbrev  0x00001bba      0x115 ./RTD/src/Clock_Ip_ProgFreqSwitch.o
 .debug_abbrev  0x00001ccf      0x234 ./RTD/src/Clock_Ip_Selector.o
 .debug_abbrev  0x00001f03      0x319 ./RTD/src/Clock_Ip_Specific.o
 .debug_abbrev  0x0000221c      0x281 ./RTD/src/Det.o
 .debug_abbrev  0x0000249d      0x162 ./RTD/src/Det_stub.o
 .debug_abbrev  0x000025ff       0x29 ./RTD/src/OsIf_Interrupts.o
 .debug_abbrev  0x00002628       0x29 ./RTD/src/OsIf_Software_Semaphore.o
 .debug_abbrev  0x00002651      0x1ad ./RTD/src/OsIf_Timer.o
 .debug_abbrev  0x000027fe       0x29 ./RTD/src/OsIf_Timer_System.o
 .debug_abbrev  0x00002827      0x120 ./RTD/src/OsIf_Timer_System_Internal_Systick.o
 .debug_abbrev  0x00002947      0x337 ./RTD/src/Port_Ci_Port_Ip.o
 .debug_abbrev  0x00002c7e      0x133 ./RTD/src/SchM_Mcu.o
 .debug_abbrev  0x00002db1      0x133 ./RTD/src/SchM_Port.o
 .debug_abbrev  0x00002ee4      0x101 ./board/Port_Ci_Port_Ip_Cfg.o
 .debug_abbrev  0x00002fe5      0x10a ./generate/src/Clock_Ip_Cfg.o
 .debug_abbrev  0x000030ef       0x29 ./generate/src/OsIf_Cfg.o
 .debug_abbrev  0x00003118      0x21a ./src/main.o

.debug_aranges  0x00000000      0xb98
 .debug_aranges
                0x00000000       0x28 ./Project_Settings/Startup_Code/exceptions.o
 .debug_aranges
                0x00000028       0x20 ./Project_Settings/Startup_Code/nvic.o
 .debug_aranges
                0x00000048       0x20 ./Project_Settings/Startup_Code/startup.o
 .debug_aranges
                0x00000068       0x20 ./Project_Settings/Startup_Code/startup_cm4.o
 .debug_aranges
                0x00000088       0x28 ./Project_Settings/Startup_Code/system.o
 .debug_aranges
                0x000000b0       0x80 ./RTD/src/Clock_Ip.o
 .debug_aranges
                0x00000130       0x18 ./RTD/src/Clock_Ip_Data.o
 .debug_aranges
                0x00000148      0x100 ./RTD/src/Clock_Ip_Divider.o
 .debug_aranges
                0x00000248       0x20 ./RTD/src/Clock_Ip_DividerTrigger.o
 .debug_aranges
                0x00000268       0x58 ./RTD/src/Clock_Ip_ExtOsc.o
 .debug_aranges
                0x000002c0       0x28 ./RTD/src/Clock_Ip_FracDiv.o
 .debug_aranges
                0x000002e8       0x20 ./RTD/src/Clock_Ip_Frequency.o
 .debug_aranges
                0x00000308       0xb8 ./RTD/src/Clock_Ip_Gate.o
 .debug_aranges
                0x000003c0       0xf8 ./RTD/src/Clock_Ip_IntOsc.o
 .debug_aranges
                0x000004b8       0x18 ./RTD/src/Clock_Ip_Irq.o
 .debug_aranges
                0x000004d0       0x30 ./RTD/src/Clock_Ip_Monitor.o
 .debug_aranges
                0x00000500       0x78 ./RTD/src/Clock_Ip_Pll.o
 .debug_aranges
                0x00000578       0x20 ./RTD/src/Clock_Ip_ProgFreqSwitch.o
 .debug_aranges
                0x00000598      0x150 ./RTD/src/Clock_Ip_Selector.o
 .debug_aranges
                0x000006e8       0x58 ./RTD/src/Clock_Ip_Specific.o
 .debug_aranges
                0x00000740       0x60 ./RTD/src/Det.o
 .debug_aranges
                0x000007a0       0x48 ./RTD/src/Det_stub.o
 .debug_aranges
                0x000007e8       0x18 ./RTD/src/OsIf_Interrupts.o
 .debug_aranges
                0x00000800       0x18 ./RTD/src/OsIf_Software_Semaphore.o
 .debug_aranges
                0x00000818       0x40 ./RTD/src/OsIf_Timer.o
 .debug_aranges
                0x00000858       0x18 ./RTD/src/OsIf_Timer_System.o
 .debug_aranges
                0x00000870       0x30 ./RTD/src/OsIf_Timer_System_Internal_Systick.o
 .debug_aranges
                0x000008a0       0x58 ./RTD/src/Port_Ci_Port_Ip.o
 .debug_aranges
                0x000008f8       0x50 ./RTD/src/SchM_Mcu.o
 .debug_aranges
                0x00000948      0x1e0 ./RTD/src/SchM_Port.o
 .debug_aranges
                0x00000b28       0x18 ./board/Port_Ci_Port_Ip_Cfg.o
 .debug_aranges
                0x00000b40       0x18 ./generate/src/Clock_Ip_Cfg.o
 .debug_aranges
                0x00000b58       0x18 ./generate/src/OsIf_Cfg.o
 .debug_aranges
                0x00000b70       0x28 ./src/main.o

.debug_ranges   0x00000000      0xc08
 .debug_ranges  0x00000000       0x18 ./Project_Settings/Startup_Code/exceptions.o
 .debug_ranges  0x00000018       0x18 ./Project_Settings/Startup_Code/system.o
 .debug_ranges  0x00000030       0xc0 ./RTD/src/Clock_Ip.o
 .debug_ranges  0x000000f0       0xf0 ./RTD/src/Clock_Ip_Divider.o
 .debug_ranges  0x000001e0       0x10 ./RTD/src/Clock_Ip_DividerTrigger.o
 .debug_ranges  0x000001f0       0x90 ./RTD/src/Clock_Ip_ExtOsc.o
 .debug_ranges  0x00000280       0x18 ./RTD/src/Clock_Ip_FracDiv.o
 .debug_ranges  0x00000298       0x10 ./RTD/src/Clock_Ip_Frequency.o
 .debug_ranges  0x000002a8      0x138 ./RTD/src/Clock_Ip_Gate.o
 .debug_ranges  0x000003e0      0x148 ./RTD/src/Clock_Ip_IntOsc.o
 .debug_ranges  0x00000528       0x20 ./RTD/src/Clock_Ip_Monitor.o
 .debug_ranges  0x00000548       0xb8 ./RTD/src/Clock_Ip_Pll.o
 .debug_ranges  0x00000600       0x10 ./RTD/src/Clock_Ip_ProgFreqSwitch.o
 .debug_ranges  0x00000610      0x140 ./RTD/src/Clock_Ip_Selector.o
 .debug_ranges  0x00000750       0xd8 ./RTD/src/Clock_Ip_Specific.o
 .debug_ranges  0x00000828       0x70 ./RTD/src/Det.o
 .debug_ranges  0x00000898       0x38 ./RTD/src/Det_stub.o
 .debug_ranges  0x000008d0       0x30 ./RTD/src/OsIf_Timer.o
 .debug_ranges  0x00000900       0x20 ./RTD/src/OsIf_Timer_System_Internal_Systick.o
 .debug_ranges  0x00000920       0xc0 ./RTD/src/Port_Ci_Port_Ip.o
 .debug_ranges  0x000009e0       0x40 ./RTD/src/SchM_Mcu.o
 .debug_ranges  0x00000a20      0x1d0 ./RTD/src/SchM_Port.o
 .debug_ranges  0x00000bf0       0x18 ./src/main.o

.debug_macro    0x00000000    0x1a77c
 .debug_macro   0x00000000      0x13e ./Project_Settings/Startup_Code/exceptions.o
 .debug_macro   0x0000013e      0xa84 ./Project_Settings/Startup_Code/exceptions.o
 .debug_macro   0x00000bc2       0x22 ./Project_Settings/Startup_Code/exceptions.o
 .debug_macro   0x00000be4       0x56 ./Project_Settings/Startup_Code/exceptions.o
 .debug_macro   0x00000c3a       0x51 ./Project_Settings/Startup_Code/exceptions.o
 .debug_macro   0x00000c8b      0x103 ./Project_Settings/Startup_Code/exceptions.o
 .debug_macro   0x00000d8e       0x6a ./Project_Settings/Startup_Code/exceptions.o
 .debug_macro   0x00000df8      0x1df ./Project_Settings/Startup_Code/exceptions.o
 .debug_macro   0x00000fd7       0x22 ./Project_Settings/Startup_Code/exceptions.o
 .debug_macro   0x00000ff9      0x16d ./Project_Settings/Startup_Code/exceptions.o
 .debug_macro   0x00001166       0x82 ./Project_Settings/Startup_Code/exceptions.o
 .debug_macro   0x000011e8      0x97b ./Project_Settings/Startup_Code/exceptions.o
 .debug_macro   0x00001b63       0x3a ./Project_Settings/Startup_Code/exceptions.o
 .debug_macro   0x00001b9d       0xcc ./Project_Settings/Startup_Code/exceptions.o
 .debug_macro   0x00001c69       0x6e ./Project_Settings/Startup_Code/exceptions.o
 .debug_macro   0x00001cd7       0x4c ./Project_Settings/Startup_Code/exceptions.o
 .debug_macro   0x00001d23       0x94 ./Project_Settings/Startup_Code/exceptions.o
 .debug_macro   0x00001db7       0xd6 ./Project_Settings/Startup_Code/exceptions.o
 .debug_macro   0x00001e8d       0xb8 ./Project_Settings/Startup_Code/exceptions.o
 .debug_macro   0x00001f45       0x52 ./Project_Settings/Startup_Code/exceptions.o
 .debug_macro   0x00001f97       0x79 ./Project_Settings/Startup_Code/exceptions.o
 .debug_macro   0x00002010      0x130 ./Project_Settings/Startup_Code/exceptions.o
 .debug_macro   0x00002140       0x89 ./Project_Settings/Startup_Code/exceptions.o
 .debug_macro   0x000021c9       0x5f ./Project_Settings/Startup_Code/exceptions.o
 .debug_macro   0x00002228       0x57 ./Project_Settings/Startup_Code/exceptions.o
 .debug_macro   0x0000227f      0x29f ./Project_Settings/Startup_Code/nvic.o
 .debug_macro   0x0000251e     0x1339 ./Project_Settings/Startup_Code/nvic.o
 .debug_macro   0x00003857      0x616 ./Project_Settings/Startup_Code/nvic.o
 .debug_macro   0x00003e6d      0x549 ./Project_Settings/Startup_Code/nvic.o
 .debug_macro   0x000043b6      0x204 ./Project_Settings/Startup_Code/nvic.o
 .debug_macro   0x000045ba     0x1421 ./Project_Settings/Startup_Code/nvic.o
 .debug_macro   0x000059db       0x80 ./Project_Settings/Startup_Code/nvic.o
 .debug_macro   0x00005a5b       0xba ./Project_Settings/Startup_Code/nvic.o
 .debug_macro   0x00005b15      0x12a ./Project_Settings/Startup_Code/nvic.o
 .debug_macro   0x00005c3f      0x108 ./Project_Settings/Startup_Code/nvic.o
 .debug_macro   0x00005d47     0x129f ./Project_Settings/Startup_Code/nvic.o
 .debug_macro   0x00006fe6      0x5a3 ./Project_Settings/Startup_Code/nvic.o
 .debug_macro   0x00007589      0x398 ./Project_Settings/Startup_Code/nvic.o
 .debug_macro   0x00007921     0x191b ./Project_Settings/Startup_Code/nvic.o
 .debug_macro   0x0000923c      0x11e ./Project_Settings/Startup_Code/nvic.o
 .debug_macro   0x0000935a      0x434 ./Project_Settings/Startup_Code/nvic.o
 .debug_macro   0x0000978e      0xdd9 ./Project_Settings/Startup_Code/nvic.o
 .debug_macro   0x0000a567      0x402 ./Project_Settings/Startup_Code/nvic.o
 .debug_macro   0x0000a969      0x7ee ./Project_Settings/Startup_Code/nvic.o
 .debug_macro   0x0000b157      0x192 ./Project_Settings/Startup_Code/nvic.o
 .debug_macro   0x0000b2e9      0xc49 ./Project_Settings/Startup_Code/nvic.o
 .debug_macro   0x0000bf32      0x6c1 ./Project_Settings/Startup_Code/nvic.o
 .debug_macro   0x0000c5f3      0x63f ./Project_Settings/Startup_Code/nvic.o
 .debug_macro   0x0000cc32      0x5a7 ./Project_Settings/Startup_Code/nvic.o
 .debug_macro   0x0000d1d9     0x1b4b ./Project_Settings/Startup_Code/nvic.o
 .debug_macro   0x0000ed24      0x1a6 ./Project_Settings/Startup_Code/nvic.o
 .debug_macro   0x0000eeca      0x322 ./Project_Settings/Startup_Code/nvic.o
 .debug_macro   0x0000f1ec      0x193 ./Project_Settings/Startup_Code/nvic.o
 .debug_macro   0x0000f37f      0x294 ./Project_Settings/Startup_Code/nvic.o
 .debug_macro   0x0000f613      0x610 ./Project_Settings/Startup_Code/nvic.o
 .debug_macro   0x0000fc23      0x31c ./Project_Settings/Startup_Code/nvic.o
 .debug_macro   0x0000ff3f      0xb54 ./Project_Settings/Startup_Code/nvic.o
 .debug_macro   0x00010a93      0x6bb ./Project_Settings/Startup_Code/nvic.o
 .debug_macro   0x0001114e      0x85e ./Project_Settings/Startup_Code/nvic.o
 .debug_macro   0x000119ac      0x1b0 ./Project_Settings/Startup_Code/nvic.o
 .debug_macro   0x00011b5c      0x152 ./Project_Settings/Startup_Code/nvic.o
 .debug_macro   0x00011cae      0x256 ./Project_Settings/Startup_Code/nvic.o
 .debug_macro   0x00011f04       0x1c ./Project_Settings/Startup_Code/nvic.o
 .debug_macro   0x00011f20       0xb4 ./Project_Settings/Startup_Code/startup.o
 .debug_macro   0x00011fd4      0x2c6 ./Project_Settings/Startup_Code/system.o
 .debug_macro   0x0001229a      0x4a5 ./RTD/src/Clock_Ip.o
 .debug_macro   0x0001273f      0x858 ./RTD/src/Clock_Ip.o
 .debug_macro   0x00012f97      0x3d3 ./RTD/src/Clock_Ip.o
 .debug_macro   0x0001336a       0x85 ./RTD/src/Clock_Ip.o
 .debug_macro   0x000133ef       0x52 ./RTD/src/Clock_Ip.o
 .debug_macro   0x00013441       0x50 ./RTD/src/Clock_Ip.o
 .debug_macro   0x00013491       0x50 ./RTD/src/Clock_Ip.o
 .debug_macro   0x000134e1       0x50 ./RTD/src/Clock_Ip.o
 .debug_macro   0x00013531       0x50 ./RTD/src/Clock_Ip.o
 .debug_macro   0x00013581       0x34 ./RTD/src/Clock_Ip.o
 .debug_macro   0x000135b5      0x136 ./RTD/src/Clock_Ip.o
 .debug_macro   0x000136eb      0x1b6 ./RTD/src/Clock_Ip.o
 .debug_macro   0x000138a1       0x50 ./RTD/src/Clock_Ip.o
 .debug_macro   0x000138f1       0x50 ./RTD/src/Clock_Ip.o
 .debug_macro   0x00013941       0x50 ./RTD/src/Clock_Ip.o
 .debug_macro   0x00013991       0x50 ./RTD/src/Clock_Ip.o
 .debug_macro   0x000139e1       0x50 ./RTD/src/Clock_Ip.o
 .debug_macro   0x00013a31       0x50 ./RTD/src/Clock_Ip.o
 .debug_macro   0x00013a81       0xa5 ./RTD/src/Clock_Ip.o
 .debug_macro   0x00013b26       0x50 ./RTD/src/Clock_Ip.o
 .debug_macro   0x00013b76       0x50 ./RTD/src/Clock_Ip.o
 .debug_macro   0x00013bc6       0x50 ./RTD/src/Clock_Ip.o
 .debug_macro   0x00013c16       0x50 ./RTD/src/Clock_Ip.o
 .debug_macro   0x00013c66       0x50 ./RTD/src/Clock_Ip.o
 .debug_macro   0x00013cb6       0x50 ./RTD/src/Clock_Ip.o
 .debug_macro   0x00013d06       0x50 ./RTD/src/Clock_Ip.o
 .debug_macro   0x00013d56       0x50 ./RTD/src/Clock_Ip.o
 .debug_macro   0x00013da6       0x35 ./RTD/src/Clock_Ip.o
 .debug_macro   0x00013ddb       0x50 ./RTD/src/Clock_Ip.o
 .debug_macro   0x00013e2b       0x50 ./RTD/src/Clock_Ip.o
 .debug_macro   0x00013e7b       0x50 ./RTD/src/Clock_Ip.o
 .debug_macro   0x00013ecb       0x50 ./RTD/src/Clock_Ip.o
 .debug_macro   0x00013f1b      0x624 ./RTD/src/Clock_Ip_Data.o
 .debug_macro   0x0001453f      0x3c2 ./RTD/src/Clock_Ip_Divider.o
 .debug_macro   0x00014901      0x3c0 ./RTD/src/Clock_Ip_DividerTrigger.o
 .debug_macro   0x00014cc1      0x3c2 ./RTD/src/Clock_Ip_ExtOsc.o
 .debug_macro   0x00015083      0x3c1 ./RTD/src/Clock_Ip_FracDiv.o
 .debug_macro   0x00015444      0x356 ./RTD/src/Clock_Ip_Frequency.o
 .debug_macro   0x0001579a      0x3d0 ./RTD/src/Clock_Ip_Gate.o
 .debug_macro   0x00015b6a      0x3d0 ./RTD/src/Clock_Ip_IntOsc.o
 .debug_macro   0x00015f3a      0x37e ./RTD/src/Clock_Ip_Irq.o
 .debug_macro   0x000162b8      0x403 ./RTD/src/Clock_Ip_Monitor.o
 .debug_macro   0x000166bb       0x3a ./RTD/src/Clock_Ip_Monitor.o
 .debug_macro   0x000166f5       0x50 ./RTD/src/Clock_Ip_Monitor.o
 .debug_macro   0x00016745       0x50 ./RTD/src/Clock_Ip_Monitor.o
 .debug_macro   0x00016795       0x50 ./RTD/src/Clock_Ip_Monitor.o
 .debug_macro   0x000167e5       0x50 ./RTD/src/Clock_Ip_Monitor.o
 .debug_macro   0x00016835      0x3c2 ./RTD/src/Clock_Ip_Pll.o
 .debug_macro   0x00016bf7      0x3ff ./RTD/src/Clock_Ip_ProgFreqSwitch.o
 .debug_macro   0x00016ff6      0x3ea ./RTD/src/Clock_Ip_Selector.o
 .debug_macro   0x000173e0      0x4a5 ./RTD/src/Clock_Ip_Specific.o
 .debug_macro   0x00017885      0x3df ./RTD/src/Det.o
 .debug_macro   0x00017c64       0x4c ./RTD/src/Det.o
 .debug_macro   0x00017cb0       0x50 ./RTD/src/Det.o
 .debug_macro   0x00017d00       0x50 ./RTD/src/Det.o
 .debug_macro   0x00017d50       0x50 ./RTD/src/Det.o
 .debug_macro   0x00017da0       0x50 ./RTD/src/Det.o
 .debug_macro   0x00017df0       0x50 ./RTD/src/Det.o
 .debug_macro   0x00017e40       0x50 ./RTD/src/Det.o
 .debug_macro   0x00017e90       0x50 ./RTD/src/Det.o
 .debug_macro   0x00017ee0       0x50 ./RTD/src/Det.o
 .debug_macro   0x00017f30       0x50 ./RTD/src/Det.o
 .debug_macro   0x00017f80       0x50 ./RTD/src/Det.o
 .debug_macro   0x00017fd0       0x46 ./RTD/src/Det.o
 .debug_macro   0x00018016       0x50 ./RTD/src/Det.o
 .debug_macro   0x00018066       0x50 ./RTD/src/Det.o
 .debug_macro   0x000180b6       0x50 ./RTD/src/Det.o
 .debug_macro   0x00018106       0x50 ./RTD/src/Det.o
 .debug_macro   0x00018156      0x2ec ./RTD/src/Det_stub.o
 .debug_macro   0x00018442       0x34 ./RTD/src/Det_stub.o
 .debug_macro   0x00018476       0x4c ./RTD/src/Det_stub.o
 .debug_macro   0x000184c2      0x14d ./RTD/src/OsIf_Interrupts.o
 .debug_macro   0x0001860f      0x12b ./RTD/src/OsIf_Software_Semaphore.o
 .debug_macro   0x0001873a       0x2e ./RTD/src/OsIf_Software_Semaphore.o
 .debug_macro   0x00018768      0x21a ./RTD/src/OsIf_Timer.o
 .debug_macro   0x00018982       0x34 ./RTD/src/OsIf_Timer.o
 .debug_macro   0x000189b6       0x87 ./RTD/src/OsIf_Timer.o
 .debug_macro   0x00018a3d      0x1ad ./RTD/src/OsIf_Timer_System.o
 .debug_macro   0x00018bea       0x3a ./RTD/src/OsIf_Timer_System.o
 .debug_macro   0x00018c24      0x17d ./RTD/src/OsIf_Timer_System_Internal_Systick.o
 .debug_macro   0x00018da1       0x34 ./RTD/src/OsIf_Timer_System_Internal_Systick.o
 .debug_macro   0x00018dd5       0x3a ./RTD/src/OsIf_Timer_System_Internal_Systick.o
 .debug_macro   0x00018e0f      0x29f ./RTD/src/Port_Ci_Port_Ip.o
 .debug_macro   0x000190ae      0x28e ./RTD/src/Port_Ci_Port_Ip.o
 .debug_macro   0x0001933c       0x52 ./RTD/src/Port_Ci_Port_Ip.o
 .debug_macro   0x0001938e       0x3a ./RTD/src/Port_Ci_Port_Ip.o
 .debug_macro   0x000193c8       0x3a ./RTD/src/Port_Ci_Port_Ip.o
 .debug_macro   0x00019402       0x50 ./RTD/src/Port_Ci_Port_Ip.o
 .debug_macro   0x00019452       0x50 ./RTD/src/Port_Ci_Port_Ip.o
 .debug_macro   0x000194a2       0x35 ./RTD/src/Port_Ci_Port_Ip.o
 .debug_macro   0x000194d7       0x50 ./RTD/src/Port_Ci_Port_Ip.o
 .debug_macro   0x00019527       0x50 ./RTD/src/Port_Ci_Port_Ip.o
 .debug_macro   0x00019577       0x12 ./RTD/src/Port_Ci_Port_Ip.o
 .debug_macro   0x00019589       0x50 ./RTD/src/Port_Ci_Port_Ip.o
 .debug_macro   0x000195d9       0x50 ./RTD/src/Port_Ci_Port_Ip.o
 .debug_macro   0x00019629      0x1fe ./RTD/src/Port_Ci_Port_Ip.o
 .debug_macro   0x00019827       0x3a ./RTD/src/Port_Ci_Port_Ip.o
 .debug_macro   0x00019861      0x21f ./RTD/src/SchM_Mcu.o
 .debug_macro   0x00019a80       0x50 ./RTD/src/SchM_Mcu.o
 .debug_macro   0x00019ad0       0x50 ./RTD/src/SchM_Mcu.o
 .debug_macro   0x00019b20      0x223 ./RTD/src/SchM_Port.o
 .debug_macro   0x00019d43      0x174 ./board/Port_Ci_Port_Ip_Cfg.o
 .debug_macro   0x00019eb7       0x16 ./board/Port_Ci_Port_Ip_Cfg.o
 .debug_macro   0x00019ecd       0x67 ./board/Port_Ci_Port_Ip_Cfg.o
 .debug_macro   0x00019f34      0x37e ./generate/src/Clock_Ip_Cfg.o
 .debug_macro   0x0001a2b2      0x186 ./generate/src/OsIf_Cfg.o
 .debug_macro   0x0001a438      0x2ec ./src/main.o
 .debug_macro   0x0001a724       0x58 ./src/main.o

.debug_line     0x00000000    0x10ad2
 .debug_line    0x00000000      0x613 ./Project_Settings/Startup_Code/exceptions.o
 .debug_line    0x00000613      0x7d5 ./Project_Settings/Startup_Code/nvic.o
 .debug_line    0x00000de8      0x40e ./Project_Settings/Startup_Code/startup.o
 .debug_line    0x000011f6       0xb6 ./Project_Settings/Startup_Code/startup_cm4.o
 .debug_line    0x000012ac      0x88a ./Project_Settings/Startup_Code/system.o
 .debug_line    0x00001b36     0x124e ./RTD/src/Clock_Ip.o
 .debug_line    0x00002d84      0x5a7 ./RTD/src/Clock_Ip_Data.o
 .debug_line    0x0000332b      0x9d3 ./RTD/src/Clock_Ip_Divider.o
 .debug_line    0x00003cfe      0x5ca ./RTD/src/Clock_Ip_DividerTrigger.o
 .debug_line    0x000042c8      0x7e3 ./RTD/src/Clock_Ip_ExtOsc.o
 .debug_line    0x00004aab      0x5ce ./RTD/src/Clock_Ip_FracDiv.o
 .debug_line    0x00005079      0x5c8 ./RTD/src/Clock_Ip_Frequency.o
 .debug_line    0x00005641      0x8ed ./RTD/src/Clock_Ip_Gate.o
 .debug_line    0x00005f2e      0xd20 ./RTD/src/Clock_Ip_IntOsc.o
 .debug_line    0x00006c4e      0x5a6 ./RTD/src/Clock_Ip_Irq.o
 .debug_line    0x000071f4      0x5f4 ./RTD/src/Clock_Ip_Monitor.o
 .debug_line    0x000077e8      0x86d ./RTD/src/Clock_Ip_Pll.o
 .debug_line    0x00008055      0x5cb ./RTD/src/Clock_Ip_ProgFreqSwitch.o
 .debug_line    0x00008620      0xe38 ./RTD/src/Clock_Ip_Selector.o
 .debug_line    0x00009458      0xf79 ./RTD/src/Clock_Ip_Specific.o
 .debug_line    0x0000a3d1      0xae8 ./RTD/src/Det.o
 .debug_line    0x0000aeb9      0x70f ./RTD/src/Det_stub.o
 .debug_line    0x0000b5c8      0x4ce ./RTD/src/OsIf_Interrupts.o
 .debug_line    0x0000ba96      0x42a ./RTD/src/OsIf_Software_Semaphore.o
 .debug_line    0x0000bec0      0x58b ./RTD/src/OsIf_Timer.o
 .debug_line    0x0000c44b      0x539 ./RTD/src/OsIf_Timer_System.o
 .debug_line    0x0000c984      0x4f8 ./RTD/src/OsIf_Timer_System_Internal_Systick.o
 .debug_line    0x0000ce7c      0xb24 ./RTD/src/Port_Ci_Port_Ip.o
 .debug_line    0x0000d9a0      0x6e3 ./RTD/src/SchM_Mcu.o
 .debug_line    0x0000e083     0x1478 ./RTD/src/SchM_Port.o
 .debug_line    0x0000f4fb      0x456 ./board/Port_Ci_Port_Ip_Cfg.o
 .debug_line    0x0000f951      0x5ab ./generate/src/Clock_Ip_Cfg.o
 .debug_line    0x0000fefc      0x4ed ./generate/src/OsIf_Cfg.o
 .debug_line    0x000103e9      0x6e9 ./src/main.o

.debug_str      0x00000000    0x802f7
 .debug_str     0x00000000     0x7e19 ./Project_Settings/Startup_Code/exceptions.o
                               0x7ffc (size before relaxing)
 .debug_str     0x00007e19    0x69767 ./Project_Settings/Startup_Code/nvic.o
                              0x716a4 (size before relaxing)
 .debug_str     0x00071580       0xe7 ./Project_Settings/Startup_Code/startup.o
                               0x5f6d (size before relaxing)
 .debug_str     0x00071667       0x3b ./Project_Settings/Startup_Code/startup_cm4.o
                                 0x7a (size before relaxing)
 .debug_str     0x000716a2      0x2a3 ./Project_Settings/Startup_Code/system.o
                              0x717e3 (size before relaxing)
 .debug_str     0x00071945     0x5127 ./RTD/src/Clock_Ip.o
                              0x17dde (size before relaxing)
 .debug_str     0x00076a6c      0xad1 ./RTD/src/Clock_Ip_Data.o
                              0x16564 (size before relaxing)
 .debug_str     0x0007753d      0x58f ./RTD/src/Clock_Ip_Divider.o
                              0x15f69 (size before relaxing)
 .debug_str     0x00077acc      0x19b ./RTD/src/Clock_Ip_DividerTrigger.o
                              0x15aa9 (size before relaxing)
 .debug_str     0x00077c67      0x23c ./RTD/src/Clock_Ip_ExtOsc.o
                              0x15e19 (size before relaxing)
 .debug_str     0x00077ea3      0x181 ./RTD/src/Clock_Ip_FracDiv.o
                              0x15a99 (size before relaxing)
 .debug_str     0x00078024       0x3d ./RTD/src/Clock_Ip_Frequency.o
                              0x15841 (size before relaxing)
 .debug_str     0x00078061      0x436 ./RTD/src/Clock_Ip_Gate.o
                              0x15de1 (size before relaxing)
 .debug_str     0x00078497      0x4b6 ./RTD/src/Clock_Ip_IntOsc.o
                              0x16096 (size before relaxing)
 .debug_str     0x0007894d      0x11d ./RTD/src/Clock_Ip_Irq.o
                              0x153d9 (size before relaxing)
 .debug_str     0x00078a6a      0x44c ./RTD/src/Clock_Ip_Monitor.o
                              0x169d2 (size before relaxing)
 .debug_str     0x00078eb6      0x265 ./RTD/src/Clock_Ip_Pll.o
                              0x15f64 (size before relaxing)
 .debug_str     0x0007911b      0x1a3 ./RTD/src/Clock_Ip_ProgFreqSwitch.o
                              0x15b14 (size before relaxing)
 .debug_str     0x000792be      0x7d8 ./RTD/src/Clock_Ip_Selector.o
                              0x164a2 (size before relaxing)
 .debug_str     0x00079a96      0x70c ./RTD/src/Clock_Ip_Specific.o
                              0x17be8 (size before relaxing)
 .debug_str     0x0007a1a2      0xd66 ./RTD/src/Det.o
                               0x9211 (size before relaxing)
 .debug_str     0x0007af08      0x281 ./RTD/src/Det_stub.o
                               0x90e7 (size before relaxing)
 .debug_str     0x0007b189       0x30 ./RTD/src/OsIf_Interrupts.o
                               0x7aad (size before relaxing)
 .debug_str     0x0007b1b9      0x2f2 ./RTD/src/OsIf_Software_Semaphore.o
                               0x714b (size before relaxing)
 .debug_str     0x0007b4ab      0x57f ./RTD/src/OsIf_Timer.o
                               0x87c5 (size before relaxing)
 .debug_str     0x0007ba2a      0x14c ./RTD/src/OsIf_Timer_System.o
                               0x86ae (size before relaxing)
 .debug_str     0x0007bb76      0x674 ./RTD/src/OsIf_Timer_System_Internal_Systick.o
                               0x76d3 (size before relaxing)
 .debug_str     0x0007c1ea     0x298b ./RTD/src/Port_Ci_Port_Ip.o
                              0x10689 (size before relaxing)
 .debug_str     0x0007eb75      0x3c0 ./RTD/src/SchM_Mcu.o
                               0x8886 (size before relaxing)
 .debug_str     0x0007ef35      0xdb6 ./RTD/src/SchM_Port.o
                               0x966c (size before relaxing)
 .debug_str     0x0007fceb      0x191 ./board/Port_Ci_Port_Ip_Cfg.o
                               0xc783 (size before relaxing)
 .debug_str     0x0007fe7c      0x138 ./generate/src/Clock_Ip_Cfg.o
                              0x16b57 (size before relaxing)
 .debug_str     0x0007ffb4      0x102 ./generate/src/OsIf_Cfg.o
                               0x83bf (size before relaxing)
 .debug_str     0x000800b6      0x241 ./src/main.o
                              0x18247 (size before relaxing)

.debug_frame    0x00000000     0x196c
 .debug_frame   0x00000000       0xb0 ./Project_Settings/Startup_Code/exceptions.o
 .debug_frame   0x000000b0       0x50 ./Project_Settings/Startup_Code/nvic.o
 .debug_frame   0x00000100       0x30 ./Project_Settings/Startup_Code/startup.o
 .debug_frame   0x00000130       0x50 ./Project_Settings/Startup_Code/system.o
 .debug_frame   0x00000180      0x178 ./RTD/src/Clock_Ip.o
 .debug_frame   0x000002f8      0x1f0 ./RTD/src/Clock_Ip_Divider.o
 .debug_frame   0x000004e8       0x20 ./RTD/src/Clock_Ip_DividerTrigger.o
 .debug_frame   0x00000508       0xb0 ./RTD/src/Clock_Ip_ExtOsc.o
 .debug_frame   0x000005b8       0x30 ./RTD/src/Clock_Ip_FracDiv.o
 .debug_frame   0x000005e8       0x20 ./RTD/src/Clock_Ip_Frequency.o
 .debug_frame   0x00000608      0x188 ./RTD/src/Clock_Ip_Gate.o
 .debug_frame   0x00000790      0x260 ./RTD/src/Clock_Ip_IntOsc.o
 .debug_frame   0x000009f0       0x40 ./RTD/src/Clock_Ip_Monitor.o
 .debug_frame   0x00000a30      0x114 ./RTD/src/Clock_Ip_Pll.o
 .debug_frame   0x00000b44       0x20 ./RTD/src/Clock_Ip_ProgFreqSwitch.o
 .debug_frame   0x00000b64      0x2d8 ./RTD/src/Clock_Ip_Selector.o
 .debug_frame   0x00000e3c      0x114 ./RTD/src/Clock_Ip_Specific.o
 .debug_frame   0x00000f50      0x168 ./RTD/src/Det.o
 .debug_frame   0x000010b8       0xc4 ./RTD/src/Det_stub.o
 .debug_frame   0x0000117c       0x60 ./RTD/src/OsIf_Timer.o
 .debug_frame   0x000011dc       0x40 ./RTD/src/OsIf_Timer_System_Internal_Systick.o
 .debug_frame   0x0000121c       0xfc ./RTD/src/Port_Ci_Port_Ip.o
 .debug_frame   0x00001318       0xb0 ./RTD/src/SchM_Mcu.o
 .debug_frame   0x000013c8      0x560 ./RTD/src/SchM_Port.o
 .debug_frame   0x00001928       0x44 ./src/main.o

.debug_loc      0x00000000     0x534d
 .debug_loc     0x00000000       0xb9 ./Project_Settings/Startup_Code/nvic.o
 .debug_loc     0x000000b9      0x159 ./Project_Settings/Startup_Code/startup.o
 .debug_loc     0x00000212       0x2c ./Project_Settings/Startup_Code/system.o
 .debug_loc     0x0000023e      0x800 ./RTD/src/Clock_Ip.o
 .debug_loc     0x00000a3e      0x25b ./RTD/src/Clock_Ip_Divider.o
 .debug_loc     0x00000c99      0x1cb ./RTD/src/Clock_Ip_ExtOsc.o
 .debug_loc     0x00000e64       0x25 ./RTD/src/Clock_Ip_FracDiv.o
 .debug_loc     0x00000e89      0x3bc ./RTD/src/Clock_Ip_Gate.o
 .debug_loc     0x00001245      0x7b7 ./RTD/src/Clock_Ip_IntOsc.o
 .debug_loc     0x000019fc      0x2a8 ./RTD/src/Clock_Ip_Pll.o
 .debug_loc     0x00001ca4      0x912 ./RTD/src/Clock_Ip_Selector.o
 .debug_loc     0x000025b6      0x904 ./RTD/src/Clock_Ip_Specific.o
 .debug_loc     0x00002eba      0xc40 ./RTD/src/Det.o
 .debug_loc     0x00003afa      0x3f0 ./RTD/src/Det_stub.o
 .debug_loc     0x00003eea       0x99 ./RTD/src/OsIf_Timer.o
 .debug_loc     0x00003f83       0x68 ./RTD/src/OsIf_Timer_System_Internal_Systick.o
 .debug_loc     0x00003feb      0x90c ./RTD/src/Port_Ci_Port_Ip.o
 .debug_loc     0x000048f7      0x111 ./RTD/src/SchM_Mcu.o
 .debug_loc     0x00004a08      0x945 ./RTD/src/SchM_Port.o
